Archive member included to satisfy reference by file (symbol)

/home/augusto/Desktop/InfoII/Libreria_modulos/Modulos/Debug/libModulos.a(RingBuffer.o)
                              ./src/Test_RingBuffer.o (RingBufferInit)
/usr/local/mcuxpressoide-11.0.0_2516/ide/plugins/com.nxp.mcuxpresso.tools.linux_11.0.0.201905131304/tools/bin/../lib/gcc/arm-none-eabi/8.2.1/../../../../arm-none-eabi/lib/thumb/v6-m/nofp/libcr_c.a(memset.o)
                              ./src/Test_RingBuffer.o (memset)
/usr/local/mcuxpressoide-11.0.0_2516/ide/plugins/com.nxp.mcuxpresso.tools.linux_11.0.0.201905131304/tools/bin/../lib/gcc/arm-none-eabi/8.2.1/../../../../arm-none-eabi/lib/thumb/v6-m/nofp/libcr_c.a(__weak__main.o)
                              ./src/cr_startup_lpc84x.o (__main)
/usr/local/mcuxpressoide-11.0.0_2516/ide/plugins/com.nxp.mcuxpresso.tools.linux_11.0.0.201905131304/tools/bin/../lib/gcc/arm-none-eabi/8.2.1/thumb/v6-m/nofp/libcr_eabihelpers.a(division_32.o)
                              /home/augusto/Desktop/InfoII/Libreria_modulos/Modulos/Debug/libModulos.a(RingBuffer.o) (__aeabi_uidivmod)
/usr/local/mcuxpressoide-11.0.0_2516/ide/plugins/com.nxp.mcuxpresso.tools.linux_11.0.0.201905131304/tools/bin/../lib/gcc/arm-none-eabi/8.2.1/thumb/v6-m/nofp/libcr_eabihelpers.a(division_idiv0.o)
                              /usr/local/mcuxpressoide-11.0.0_2516/ide/plugins/com.nxp.mcuxpresso.tools.linux_11.0.0.201905131304/tools/bin/../lib/gcc/arm-none-eabi/8.2.1/thumb/v6-m/nofp/libcr_eabihelpers.a(division_32.o) (__aeabi_idiv0)
/usr/local/mcuxpressoide-11.0.0_2516/ide/plugins/com.nxp.mcuxpresso.tools.linux_11.0.0.201905131304/tools/bin/../lib/gcc/arm-none-eabi/8.2.1/thumb/v6-m/nofp/libcr_eabihelpers.a(memcpy.o)
                              /usr/local/mcuxpressoide-11.0.0_2516/ide/plugins/com.nxp.mcuxpresso.tools.linux_11.0.0.201905131304/tools/bin/../lib/gcc/arm-none-eabi/8.2.1/../../../../arm-none-eabi/lib/thumb/v6-m/nofp/libcr_c.a(memset.o) (__aeabi_lowlevel_memset)

Discarded input sections

 .group         0x0000000000000000        0xc ./src/Test_RingBuffer.o
 .group         0x0000000000000000        0xc ./src/Test_RingBuffer.o
 .text          0x0000000000000000        0x0 ./src/Test_RingBuffer.o
 .data          0x0000000000000000        0x0 ./src/Test_RingBuffer.o
 .bss           0x0000000000000000        0x0 ./src/Test_RingBuffer.o
 .text          0x0000000000000000        0x0 ./src/aeabi_romdiv_patch.o
 .data          0x0000000000000000        0x0 ./src/aeabi_romdiv_patch.o
 .bss           0x0000000000000000        0x0 ./src/aeabi_romdiv_patch.o
 .ARM.attributes
                0x0000000000000000       0x1c ./src/aeabi_romdiv_patch.o
 .group         0x0000000000000000        0xc ./src/cr_startup_lpc84x.o
 .text          0x0000000000000000        0x0 ./src/cr_startup_lpc84x.o
 .data          0x0000000000000000        0x0 ./src/cr_startup_lpc84x.o
 .bss           0x0000000000000000        0x0 ./src/cr_startup_lpc84x.o
 .debug_macro   0x0000000000000000      0xa8a ./src/cr_startup_lpc84x.o
 .group         0x0000000000000000        0xc ./src/crp.o
 .group         0x0000000000000000        0xc ./src/crp.o
 .text          0x0000000000000000        0x0 ./src/crp.o
 .data          0x0000000000000000        0x0 ./src/crp.o
 .bss           0x0000000000000000        0x0 ./src/crp.o
 .crp           0x0000000000000000        0x4 ./src/crp.o
 .debug_info    0x0000000000000000       0x40 ./src/crp.o
 .debug_abbrev  0x0000000000000000       0x38 ./src/crp.o
 .debug_aranges
                0x0000000000000000       0x18 ./src/crp.o
 .debug_macro   0x0000000000000000       0x1a ./src/crp.o
 .debug_macro   0x0000000000000000      0xa8a ./src/crp.o
 .debug_macro   0x0000000000000000       0x34 ./src/crp.o
 .debug_line    0x0000000000000000       0xb5 ./src/crp.o
 .debug_str     0x0000000000000000     0x2e14 ./src/crp.o
 .comment       0x0000000000000000       0x76 ./src/crp.o
 .ARM.attributes
                0x0000000000000000       0x31 ./src/crp.o
 .group         0x0000000000000000        0xc ./src/mtb.o
 .text          0x0000000000000000        0x0 ./src/mtb.o
 .data          0x0000000000000000        0x0 ./src/mtb.o
 .bss           0x0000000000000000        0x0 ./src/mtb.o
 .debug_info    0x0000000000000000       0x21 ./src/mtb.o
 .debug_abbrev  0x0000000000000000       0x13 ./src/mtb.o
 .debug_aranges
                0x0000000000000000       0x18 ./src/mtb.o
 .debug_macro   0x0000000000000000       0x11 ./src/mtb.o
 .debug_macro   0x0000000000000000      0xa8a ./src/mtb.o
 .debug_line    0x0000000000000000       0x2d ./src/mtb.o
 .debug_str     0x0000000000000000     0x2d2b ./src/mtb.o
 .comment       0x0000000000000000       0x76 ./src/mtb.o
 .ARM.attributes
                0x0000000000000000       0x31 ./src/mtb.o
 .group         0x0000000000000000        0xc /home/augusto/Desktop/InfoII/Libreria_modulos/Modulos/Debug/libModulos.a(RingBuffer.o)
 .text          0x0000000000000000        0x0 /home/augusto/Desktop/InfoII/Libreria_modulos/Modulos/Debug/libModulos.a(RingBuffer.o)
 .data          0x0000000000000000        0x0 /home/augusto/Desktop/InfoII/Libreria_modulos/Modulos/Debug/libModulos.a(RingBuffer.o)
 .bss           0x0000000000000000        0x0 /home/augusto/Desktop/InfoII/Libreria_modulos/Modulos/Debug/libModulos.a(RingBuffer.o)
 .text          0x0000000000000000        0x0 /usr/local/mcuxpressoide-11.0.0_2516/ide/plugins/com.nxp.mcuxpresso.tools.linux_11.0.0.201905131304/tools/bin/../lib/gcc/arm-none-eabi/8.2.1/../../../../arm-none-eabi/lib/thumb/v6-m/nofp/libcr_c.a(memset.o)
 .data          0x0000000000000000        0x0 /usr/local/mcuxpressoide-11.0.0_2516/ide/plugins/com.nxp.mcuxpresso.tools.linux_11.0.0.201905131304/tools/bin/../lib/gcc/arm-none-eabi/8.2.1/../../../../arm-none-eabi/lib/thumb/v6-m/nofp/libcr_c.a(memset.o)
 .bss           0x0000000000000000        0x0 /usr/local/mcuxpressoide-11.0.0_2516/ide/plugins/com.nxp.mcuxpresso.tools.linux_11.0.0.201905131304/tools/bin/../lib/gcc/arm-none-eabi/8.2.1/../../../../arm-none-eabi/lib/thumb/v6-m/nofp/libcr_c.a(memset.o)
 .text          0x0000000000000000        0x0 /usr/local/mcuxpressoide-11.0.0_2516/ide/plugins/com.nxp.mcuxpresso.tools.linux_11.0.0.201905131304/tools/bin/../lib/gcc/arm-none-eabi/8.2.1/../../../../arm-none-eabi/lib/thumb/v6-m/nofp/libcr_c.a(__weak__main.o)
 .data          0x0000000000000000        0x0 /usr/local/mcuxpressoide-11.0.0_2516/ide/plugins/com.nxp.mcuxpresso.tools.linux_11.0.0.201905131304/tools/bin/../lib/gcc/arm-none-eabi/8.2.1/../../../../arm-none-eabi/lib/thumb/v6-m/nofp/libcr_c.a(__weak__main.o)
 .bss           0x0000000000000000        0x0 /usr/local/mcuxpressoide-11.0.0_2516/ide/plugins/com.nxp.mcuxpresso.tools.linux_11.0.0.201905131304/tools/bin/../lib/gcc/arm-none-eabi/8.2.1/../../../../arm-none-eabi/lib/thumb/v6-m/nofp/libcr_c.a(__weak__main.o)
 .text          0x0000000000000000        0x0 /usr/local/mcuxpressoide-11.0.0_2516/ide/plugins/com.nxp.mcuxpresso.tools.linux_11.0.0.201905131304/tools/bin/../lib/gcc/arm-none-eabi/8.2.1/thumb/v6-m/nofp/libcr_eabihelpers.a(division_32.o)
 .data          0x0000000000000000        0x0 /usr/local/mcuxpressoide-11.0.0_2516/ide/plugins/com.nxp.mcuxpresso.tools.linux_11.0.0.201905131304/tools/bin/../lib/gcc/arm-none-eabi/8.2.1/thumb/v6-m/nofp/libcr_eabihelpers.a(division_32.o)
 .bss           0x0000000000000000        0x0 /usr/local/mcuxpressoide-11.0.0_2516/ide/plugins/com.nxp.mcuxpresso.tools.linux_11.0.0.201905131304/tools/bin/../lib/gcc/arm-none-eabi/8.2.1/thumb/v6-m/nofp/libcr_eabihelpers.a(division_32.o)
 .text          0x0000000000000000        0x0 /usr/local/mcuxpressoide-11.0.0_2516/ide/plugins/com.nxp.mcuxpresso.tools.linux_11.0.0.201905131304/tools/bin/../lib/gcc/arm-none-eabi/8.2.1/thumb/v6-m/nofp/libcr_eabihelpers.a(division_idiv0.o)
 .data          0x0000000000000000        0x0 /usr/local/mcuxpressoide-11.0.0_2516/ide/plugins/com.nxp.mcuxpresso.tools.linux_11.0.0.201905131304/tools/bin/../lib/gcc/arm-none-eabi/8.2.1/thumb/v6-m/nofp/libcr_eabihelpers.a(division_idiv0.o)
 .bss           0x0000000000000000        0x0 /usr/local/mcuxpressoide-11.0.0_2516/ide/plugins/com.nxp.mcuxpresso.tools.linux_11.0.0.201905131304/tools/bin/../lib/gcc/arm-none-eabi/8.2.1/thumb/v6-m/nofp/libcr_eabihelpers.a(division_idiv0.o)
 .text          0x0000000000000000        0x0 /usr/local/mcuxpressoide-11.0.0_2516/ide/plugins/com.nxp.mcuxpresso.tools.linux_11.0.0.201905131304/tools/bin/../lib/gcc/arm-none-eabi/8.2.1/thumb/v6-m/nofp/libcr_eabihelpers.a(memcpy.o)
 .data          0x0000000000000000        0x0 /usr/local/mcuxpressoide-11.0.0_2516/ide/plugins/com.nxp.mcuxpresso.tools.linux_11.0.0.201905131304/tools/bin/../lib/gcc/arm-none-eabi/8.2.1/thumb/v6-m/nofp/libcr_eabihelpers.a(memcpy.o)
 .bss           0x0000000000000000        0x0 /usr/local/mcuxpressoide-11.0.0_2516/ide/plugins/com.nxp.mcuxpresso.tools.linux_11.0.0.201905131304/tools/bin/../lib/gcc/arm-none-eabi/8.2.1/thumb/v6-m/nofp/libcr_eabihelpers.a(memcpy.o)
 .text.__aeabi_memcpy
                0x0000000000000000       0x2c /usr/local/mcuxpressoide-11.0.0_2516/ide/plugins/com.nxp.mcuxpresso.tools.linux_11.0.0.201905131304/tools/bin/../lib/gcc/arm-none-eabi/8.2.1/thumb/v6-m/nofp/libcr_eabihelpers.a(memcpy.o)
 .text.__aeabi_memmove
                0x0000000000000000       0x1c /usr/local/mcuxpressoide-11.0.0_2516/ide/plugins/com.nxp.mcuxpresso.tools.linux_11.0.0.201905131304/tools/bin/../lib/gcc/arm-none-eabi/8.2.1/thumb/v6-m/nofp/libcr_eabihelpers.a(memcpy.o)
 .text.__aeabi_memclr
                0x0000000000000000        0x6 /usr/local/mcuxpressoide-11.0.0_2516/ide/plugins/com.nxp.mcuxpresso.tools.linux_11.0.0.201905131304/tools/bin/../lib/gcc/arm-none-eabi/8.2.1/thumb/v6-m/nofp/libcr_eabihelpers.a(memcpy.o)
 .text.__aeabi_memset
                0x0000000000000000        0x8 /usr/local/mcuxpressoide-11.0.0_2516/ide/plugins/com.nxp.mcuxpresso.tools.linux_11.0.0.201905131304/tools/bin/../lib/gcc/arm-none-eabi/8.2.1/thumb/v6-m/nofp/libcr_eabihelpers.a(memcpy.o)

Memory Configuration

Name             Origin             Length             Attributes
MFlash64         0x0000000000000000 0x0000000000010000 xr
RamLoc16         0x0000000010000000 0x0000000000004000 xrw
*default*        0x0000000000000000 0xffffffffffffffff

Linker script and memory map

LOAD ./src/Test_RingBuffer.o
LOAD ./src/aeabi_romdiv_patch.o
LOAD ./src/cr_startup_lpc84x.o
LOAD ./src/crp.o
LOAD ./src/mtb.o
LOAD /home/augusto/Desktop/InfoII/Libreria_modulos/Modulos/Debug/libModulos.a
START GROUP
LOAD /usr/local/mcuxpressoide-11.0.0_2516/ide/plugins/com.nxp.mcuxpresso.tools.linux_11.0.0.201905131304/tools/bin/../lib/gcc/arm-none-eabi/8.2.1/../../../../arm-none-eabi/lib/thumb/v6-m/nofp/libcr_c.a
LOAD /usr/local/mcuxpressoide-11.0.0_2516/ide/plugins/com.nxp.mcuxpresso.tools.linux_11.0.0.201905131304/tools/bin/../lib/gcc/arm-none-eabi/8.2.1/thumb/v6-m/nofp/libcr_eabihelpers.a
LOAD /usr/local/mcuxpressoide-11.0.0_2516/ide/plugins/com.nxp.mcuxpresso.tools.linux_11.0.0.201905131304/tools/bin/../lib/gcc/arm-none-eabi/8.2.1/thumb/v6-m/nofp/libgcc.a
END GROUP
                0x0000000000000000                __base_MFlash64 = 0x0
                0x0000000000000000                __base_Flash = 0x0
                0x0000000000010000                __top_MFlash64 = 0x10000
                0x0000000000010000                __top_Flash = 0x10000
                0x0000000010000000                __base_RamLoc16 = 0x10000000
                0x0000000010000000                __base_RAM = 0x10000000
                0x0000000010004000                __top_RamLoc16 = 0x10004000
                0x0000000010004000                __top_RAM = 0x10004000

.text           0x0000000000000000      0x55c
 FILL mask 0xff
                0x0000000000000000                __vectors_start__ = ABSOLUTE (.)
 *(.isr_vector)
 .isr_vector    0x0000000000000000       0xc0 ./src/cr_startup_lpc84x.o
                0x0000000000000000                g_pfnVectors
                0x00000000000000c0                . = ALIGN (0x4)
                0x00000000000000c0                __section_table_start = .
                0x00000000000000c0                __data_section_table = .
                0x00000000000000c0        0x4 LONG 0x55c LOADADDR (.data)
                0x00000000000000c4        0x4 LONG 0x10000000 ADDR (.data)
                0x00000000000000c8        0x4 LONG 0x0 SIZEOF (.data)
                0x00000000000000cc                __data_section_table_end = .
                0x00000000000000cc                __bss_section_table = .
                0x00000000000000cc        0x4 LONG 0x10000000 ADDR (.bss)
                0x00000000000000d0        0x4 LONG 0x64 SIZEOF (.bss)
                0x00000000000000d4                __bss_section_table_end = .
                0x00000000000000d4                __section_table_end = .
 *(.after_vectors*)
 .after_vectors
                0x00000000000000d4      0x114 ./src/cr_startup_lpc84x.o
                0x00000000000000d4                data_init
                0x0000000000000114                bss_init
                0x0000000000000148                ResetISR
                0x00000000000001c4                NMI_Handler
                0x00000000000001ca                HardFault_Handler
                0x00000000000001d0                SVC_Handler
                0x00000000000001d6                PendSV_Handler
                0x00000000000001dc                SysTick_Handler
                0x00000000000001e2                CMP_IRQHandler
                0x00000000000001e2                PININT7_IRQHandler
                0x00000000000001e2                I2C0_IRQHandler
                0x00000000000001e2                WKT_IRQHandler
                0x00000000000001e2                PININT2_IRQHandler
                0x00000000000001e2                PININT1_IRQHandler
                0x00000000000001e2                MRT_IRQHandler
                0x00000000000001e2                I2C1_IRQHandler
                0x00000000000001e2                UART1_IRQHandler
                0x00000000000001e2                ADC_SEQB_IRQHandler
                0x00000000000001e2                UART0_IRQHandler
                0x00000000000001e2                SPI1_IRQHandler
                0x00000000000001e2                IntDefaultHandler
                0x00000000000001e2                ADC_OVR_IRQHandler
                0x00000000000001e2                I2C2_IRQHandler
                0x00000000000001e2                PININT3_IRQHandler
                0x00000000000001e2                UART2_IRQHandler
                0x00000000000001e2                PININT5_IRQHandler
                0x00000000000001e2                PININT4_IRQHandler
                0x00000000000001e2                ADC_THCMP_IRQHandler
                0x00000000000001e2                PININT0_IRQHandler
                0x00000000000001e2                BOD_IRQHandler
                0x00000000000001e2                I2C3_IRQHandler
                0x00000000000001e2                SCT_IRQHandler
                0x00000000000001e2                WDT_IRQHandler
                0x00000000000001e2                ADC_SEQA_IRQHandler
                0x00000000000001e2                FAIM_IRQHandler
                0x00000000000001e2                DAC0_IRQHandler
                0x00000000000001e2                PININT6_IRQHandler
                0x00000000000001e2                SPI0_IRQHandler
                0x00000000000001e2                DMA_IRQHandler
                0x00000000000001e2                FLASH_IRQHandler
                0x00000000000001e2                CTIMER0_IRQHandler
 *(.text*)
 .text.main     0x00000000000001e8      0x134 ./src/Test_RingBuffer.o
                0x00000000000001e8                main
 .text.RingBufferInit
                0x000000000000031c       0x28 /home/augusto/Desktop/InfoII/Libreria_modulos/Modulos/Debug/libModulos.a(RingBuffer.o)
                0x000000000000031c                RingBufferInit
 .text.RingBufferPopElement
                0x0000000000000344       0x80 /home/augusto/Desktop/InfoII/Libreria_modulos/Modulos/Debug/libModulos.a(RingBuffer.o)
                0x0000000000000344                RingBufferPopElement
 .text.RingBufferPutElement
                0x00000000000003c4       0x80 /home/augusto/Desktop/InfoII/Libreria_modulos/Modulos/Debug/libModulos.a(RingBuffer.o)
                0x00000000000003c4                RingBufferPutElement
 .text.RingBufferGetAvailableElements
                0x0000000000000444       0x14 /home/augusto/Desktop/InfoII/Libreria_modulos/Modulos/Debug/libModulos.a(RingBuffer.o)
                0x0000000000000444                RingBufferGetAvailableElements
 .text.RingBufferGetAvailableSpace
                0x0000000000000458       0x1a /home/augusto/Desktop/InfoII/Libreria_modulos/Modulos/Debug/libModulos.a(RingBuffer.o)
                0x0000000000000458                RingBufferGetAvailableSpace
 .text.RingBufferClear
                0x0000000000000472       0x22 /home/augusto/Desktop/InfoII/Libreria_modulos/Modulos/Debug/libModulos.a(RingBuffer.o)
                0x0000000000000472                RingBufferClear
 .text.RingBufferGetTotalSpace
                0x0000000000000494       0x14 /home/augusto/Desktop/InfoII/Libreria_modulos/Modulos/Debug/libModulos.a(RingBuffer.o)
                0x0000000000000494                RingBufferGetTotalSpace
 .text.memset   0x00000000000004a8        0x8 /usr/local/mcuxpressoide-11.0.0_2516/ide/plugins/com.nxp.mcuxpresso.tools.linux_11.0.0.201905131304/tools/bin/../lib/gcc/arm-none-eabi/8.2.1/../../../../arm-none-eabi/lib/thumb/v6-m/nofp/libcr_c.a(memset.o)
                0x00000000000004a8                memset
 .text.__weak_main
                0x00000000000004b0        0x8 /usr/local/mcuxpressoide-11.0.0_2516/ide/plugins/com.nxp.mcuxpresso.tools.linux_11.0.0.201905131304/tools/bin/../lib/gcc/arm-none-eabi/8.2.1/../../../../arm-none-eabi/lib/thumb/v6-m/nofp/libcr_c.a(__weak__main.o)
                0x00000000000004b0                __main
                0x00000000000004b0                __weak_main
 .text.__aeabi_division_idivmod
                0x00000000000004b8       0x78 /usr/local/mcuxpressoide-11.0.0_2516/ide/plugins/com.nxp.mcuxpresso.tools.linux_11.0.0.201905131304/tools/bin/../lib/gcc/arm-none-eabi/8.2.1/thumb/v6-m/nofp/libcr_eabihelpers.a(division_32.o)
                0x00000000000004b8                __aeabi_idiv
                0x00000000000004b8                __aeabi_idivmod
                0x00000000000004be                __aeabi_uidiv
                0x00000000000004be                __aeabi_uidivmod
 .text.__aeabi_division_idiv0
                0x0000000000000530        0x2 /usr/local/mcuxpressoide-11.0.0_2516/ide/plugins/com.nxp.mcuxpresso.tools.linux_11.0.0.201905131304/tools/bin/../lib/gcc/arm-none-eabi/8.2.1/thumb/v6-m/nofp/libcr_eabihelpers.a(division_idiv0.o)
                0x0000000000000530                __aeabi_idiv0
 .text.__aeabi_memset_lowlevel
                0x0000000000000532       0x2a /usr/local/mcuxpressoide-11.0.0_2516/ide/plugins/com.nxp.mcuxpresso.tools.linux_11.0.0.201905131304/tools/bin/../lib/gcc/arm-none-eabi/8.2.1/thumb/v6-m/nofp/libcr_eabihelpers.a(memcpy.o)
                0x0000000000000532                __aeabi_lowlevel_memset
 *(.rodata .rodata.* .constdata .constdata.*)
                0x000000000000055c                . = ALIGN (0x4)

.glue_7         0x000000000000055c        0x0
 .glue_7        0x000000000000055c        0x0 linker stubs

.glue_7t        0x000000000000055c        0x0
 .glue_7t       0x000000000000055c        0x0 linker stubs

.vfp11_veneer   0x000000000000055c        0x0
 .vfp11_veneer  0x000000000000055c        0x0 linker stubs

.v4_bx          0x000000000000055c        0x0
 .v4_bx         0x000000000000055c        0x0 linker stubs

.iplt           0x000000000000055c        0x0
 .iplt          0x000000000000055c        0x0 ./src/Test_RingBuffer.o

.rel.dyn        0x000000000000055c        0x0
 .rel.iplt      0x000000000000055c        0x0 ./src/Test_RingBuffer.o

.ARM.extab
 *(.ARM.extab* .gnu.linkonce.armextab.*)
                0x000000000000055c                __exidx_start = .

.ARM.exidx
 *(.ARM.exidx* .gnu.linkonce.armexidx.*)
                0x000000000000055c                __exidx_end = .
                0x000000000000055c                _etext = .

.mtb_buffer_default
 *(.mtb*)

.uninit_RESERVED
                0x0000000010000000        0x0
                0x0000000010000000                . = ALIGN (0x4)
 *(.bss.$RESERVED*)
                0x0000000010000000                . = ALIGN (0x4)
                0x0000000010000000                _end_uninit_RESERVED = .

.data           0x0000000010000000        0x0 load address 0x000000000000055c
 FILL mask 0xff
                0x0000000010000000                _data = .
 *(vtable)
 *(.ramfunc*)
 *(.data*)
                0x0000000010000000                . = ALIGN (0x4)
                0x0000000010000000                _edata = .

.igot.plt       0x0000000010000000        0x0 load address 0x000000000000055c
 .igot.plt      0x0000000010000000        0x0 ./src/Test_RingBuffer.o

.bss            0x0000000010000000       0x64 load address 0x000000000000055c
                0x0000000010000000                . = ALIGN (0x4)
                0x0000000010000000                _bss = .
 *(.bss*)
 .bss.buff_memoria
                0x0000000010000000       0x64 ./src/Test_RingBuffer.o
 *(COMMON)
                0x0000000010000064                . = ALIGN (0x4)
                0x0000000010000064                _ebss = .
                [!provide]                        PROVIDE (end = .)

.noinit         0x0000000010000064        0x0 load address 0x000000000000055c
                0x0000000010000064                . = ALIGN (0x4)
                0x0000000010000064                _noinit = .
 *(.noinit*)
                0x0000000010000064                . = ALIGN (0x4)
                0x0000000010000064                _end_noinit = .
                [!provide]                        PROVIDE (_pvHeapStart = DEFINED (__user_heap_base)?__user_heap_base:.)
                0x0000000010004000                PROVIDE (_vStackTop = DEFINED (__user_stack_top)?__user_stack_top:(__top_RamLoc16 - 0x0))
                0xffffffffefffbb27                PROVIDE (__valid_user_code_checksum = (0x0 - (((_vStackTop + (ResetISR + 0x1)) + (DEFINED (NMI_Handler)?NMI_Handler:M0_NMI_Handler + 0x1)) + (DEFINED (HardFault_Handler)?HardFault_Handler:M0_HardFault_Handler + 0x1))))
                0x0000000000000000                _image_start = LOADADDR (.text)
                0x000000000000055c                _image_end = (LOADADDR (.data) + SIZEOF (.data))
                0x000000000000055c                _image_size = (_image_end - _image_start)
OUTPUT(Test_RingBuffer.axf elf32-littlearm)

.debug_info     0x0000000000000000      0x5be
 .debug_info    0x0000000000000000      0x153 ./src/Test_RingBuffer.o
 .debug_info    0x0000000000000153      0x226 ./src/cr_startup_lpc84x.o
 .debug_info    0x0000000000000379      0x245 /home/augusto/Desktop/InfoII/Libreria_modulos/Modulos/Debug/libModulos.a(RingBuffer.o)

.debug_abbrev   0x0000000000000000      0x312
 .debug_abbrev  0x0000000000000000       0xd5 ./src/Test_RingBuffer.o
 .debug_abbrev  0x00000000000000d5      0x117 ./src/cr_startup_lpc84x.o
 .debug_abbrev  0x00000000000001ec      0x126 /home/augusto/Desktop/InfoII/Libreria_modulos/Modulos/Debug/libModulos.a(RingBuffer.o)

.debug_aranges  0x0000000000000000       0xd0
 .debug_aranges
                0x0000000000000000       0x20 ./src/Test_RingBuffer.o
 .debug_aranges
                0x0000000000000020       0x60 ./src/cr_startup_lpc84x.o
 .debug_aranges
                0x0000000000000080       0x50 /home/augusto/Desktop/InfoII/Libreria_modulos/Modulos/Debug/libModulos.a(RingBuffer.o)

.debug_ranges   0x0000000000000000       0xa0
 .debug_ranges  0x0000000000000000       0x10 ./src/Test_RingBuffer.o
 .debug_ranges  0x0000000000000010       0x50 ./src/cr_startup_lpc84x.o
 .debug_ranges  0x0000000000000060       0x40 /home/augusto/Desktop/InfoII/Libreria_modulos/Modulos/Debug/libModulos.a(RingBuffer.o)

.debug_macro    0x0000000000000000     0x15ec
 .debug_macro   0x0000000000000000       0x24 ./src/Test_RingBuffer.o
 .debug_macro   0x0000000000000024      0xa8a ./src/Test_RingBuffer.o
 .debug_macro   0x0000000000000aae       0x82 ./src/Test_RingBuffer.o
 .debug_macro   0x0000000000000b30       0x1d ./src/cr_startup_lpc84x.o
 .debug_macro   0x0000000000000b4d       0x1b /home/augusto/Desktop/InfoII/Libreria_modulos/Modulos/Debug/libModulos.a(RingBuffer.o)
 .debug_macro   0x0000000000000b68      0xa84 /home/augusto/Desktop/InfoII/Libreria_modulos/Modulos/Debug/libModulos.a(RingBuffer.o)

.debug_line     0x0000000000000000      0x4d4
 .debug_line    0x0000000000000000      0x1bf ./src/Test_RingBuffer.o
 .debug_line    0x00000000000001bf      0x133 ./src/cr_startup_lpc84x.o
 .debug_line    0x00000000000002f2      0x1e2 /home/augusto/Desktop/InfoII/Libreria_modulos/Modulos/Debug/libModulos.a(RingBuffer.o)

.debug_str      0x0000000000000000     0x3492
 .debug_str     0x0000000000000000     0x3213 ./src/Test_RingBuffer.o
                                       0x3220 (size before relaxing)
 .debug_str     0x0000000000003213      0x18b ./src/cr_startup_lpc84x.o
                                       0x2ebc (size before relaxing)
 .debug_str     0x000000000000339e       0xf4 /home/augusto/Desktop/InfoII/Libreria_modulos/Modulos/Debug/libModulos.a(RingBuffer.o)
                                       0x2e22 (size before relaxing)

.comment        0x0000000000000000       0x75
 .comment       0x0000000000000000       0x75 ./src/Test_RingBuffer.o
                                         0x76 (size before relaxing)
 .comment       0x0000000000000075       0x76 ./src/cr_startup_lpc84x.o
 .comment       0x0000000000000075       0x76 /home/augusto/Desktop/InfoII/Libreria_modulos/Modulos/Debug/libModulos.a(RingBuffer.o)
 .comment       0x0000000000000075       0x76 /usr/local/mcuxpressoide-11.0.0_2516/ide/plugins/com.nxp.mcuxpresso.tools.linux_11.0.0.201905131304/tools/bin/../lib/gcc/arm-none-eabi/8.2.1/../../../../arm-none-eabi/lib/thumb/v6-m/nofp/libcr_c.a(memset.o)
 .comment       0x0000000000000075       0x76 /usr/local/mcuxpressoide-11.0.0_2516/ide/plugins/com.nxp.mcuxpresso.tools.linux_11.0.0.201905131304/tools/bin/../lib/gcc/arm-none-eabi/8.2.1/../../../../arm-none-eabi/lib/thumb/v6-m/nofp/libcr_c.a(__weak__main.o)

.ARM.attributes
                0x0000000000000000       0x2a
 .ARM.attributes
                0x0000000000000000       0x2c ./src/Test_RingBuffer.o
 .ARM.attributes
                0x000000000000002c       0x2c ./src/cr_startup_lpc84x.o
 .ARM.attributes
                0x0000000000000058       0x2c /home/augusto/Desktop/InfoII/Libreria_modulos/Modulos/Debug/libModulos.a(RingBuffer.o)
 .ARM.attributes
                0x0000000000000084       0x2c /usr/local/mcuxpressoide-11.0.0_2516/ide/plugins/com.nxp.mcuxpresso.tools.linux_11.0.0.201905131304/tools/bin/../lib/gcc/arm-none-eabi/8.2.1/../../../../arm-none-eabi/lib/thumb/v6-m/nofp/libcr_c.a(memset.o)
 .ARM.attributes
                0x00000000000000b0       0x2c /usr/local/mcuxpressoide-11.0.0_2516/ide/plugins/com.nxp.mcuxpresso.tools.linux_11.0.0.201905131304/tools/bin/../lib/gcc/arm-none-eabi/8.2.1/../../../../arm-none-eabi/lib/thumb/v6-m/nofp/libcr_c.a(__weak__main.o)
 .ARM.attributes
                0x00000000000000dc       0x1c /usr/local/mcuxpressoide-11.0.0_2516/ide/plugins/com.nxp.mcuxpresso.tools.linux_11.0.0.201905131304/tools/bin/../lib/gcc/arm-none-eabi/8.2.1/thumb/v6-m/nofp/libcr_eabihelpers.a(division_32.o)
 .ARM.attributes
                0x00000000000000f8       0x1c /usr/local/mcuxpressoide-11.0.0_2516/ide/plugins/com.nxp.mcuxpresso.tools.linux_11.0.0.201905131304/tools/bin/../lib/gcc/arm-none-eabi/8.2.1/thumb/v6-m/nofp/libcr_eabihelpers.a(division_idiv0.o)
 .ARM.attributes
                0x0000000000000114       0x1c /usr/local/mcuxpressoide-11.0.0_2516/ide/plugins/com.nxp.mcuxpresso.tools.linux_11.0.0.201905131304/tools/bin/../lib/gcc/arm-none-eabi/8.2.1/thumb/v6-m/nofp/libcr_eabihelpers.a(memcpy.o)

.debug_frame    0x0000000000000000      0x23c
 .debug_frame   0x0000000000000000       0x34 ./src/Test_RingBuffer.o
 .debug_frame   0x0000000000000034      0x118 ./src/cr_startup_lpc84x.o
 .debug_frame   0x000000000000014c       0xf0 /home/augusto/Desktop/InfoII/Libreria_modulos/Modulos/Debug/libModulos.a(RingBuffer.o)

Cross Reference Table

Symbol                                            File
ADC_OVR_IRQHandler                                ./src/cr_startup_lpc84x.o
ADC_SEQA_IRQHandler                               ./src/cr_startup_lpc84x.o
ADC_SEQB_IRQHandler                               ./src/cr_startup_lpc84x.o
ADC_THCMP_IRQHandler                              ./src/cr_startup_lpc84x.o
BOD_IRQHandler                                    ./src/cr_startup_lpc84x.o
CMP_IRQHandler                                    ./src/cr_startup_lpc84x.o
CRP_WORD                                          ./src/crp.o
CTIMER0_IRQHandler                                ./src/cr_startup_lpc84x.o
DAC0_IRQHandler                                   ./src/cr_startup_lpc84x.o
DMA_IRQHandler                                    ./src/cr_startup_lpc84x.o
FAIM_IRQHandler                                   ./src/cr_startup_lpc84x.o
FLASH_IRQHandler                                  ./src/cr_startup_lpc84x.o
HardFault_Handler                                 ./src/cr_startup_lpc84x.o
I2C0_IRQHandler                                   ./src/cr_startup_lpc84x.o
I2C1_IRQHandler                                   ./src/cr_startup_lpc84x.o
I2C2_IRQHandler                                   ./src/cr_startup_lpc84x.o
I2C3_IRQHandler                                   ./src/cr_startup_lpc84x.o
IntDefaultHandler                                 ./src/cr_startup_lpc84x.o
MRT_IRQHandler                                    ./src/cr_startup_lpc84x.o
NMI_Handler                                       ./src/cr_startup_lpc84x.o
PININT0_IRQHandler                                ./src/cr_startup_lpc84x.o
PININT1_IRQHandler                                ./src/cr_startup_lpc84x.o
PININT2_IRQHandler                                ./src/cr_startup_lpc84x.o
PININT3_IRQHandler                                ./src/cr_startup_lpc84x.o
PININT4_IRQHandler                                ./src/cr_startup_lpc84x.o
PININT5_IRQHandler                                ./src/cr_startup_lpc84x.o
PININT6_IRQHandler                                ./src/cr_startup_lpc84x.o
PININT7_IRQHandler                                ./src/cr_startup_lpc84x.o
PendSV_Handler                                    ./src/cr_startup_lpc84x.o
ResetISR                                          ./src/cr_startup_lpc84x.o
RingBufferClear                                   /home/augusto/Desktop/InfoII/Libreria_modulos/Modulos/Debug/libModulos.a(RingBuffer.o)
                                                  ./src/Test_RingBuffer.o
RingBufferGetAvailableElements                    /home/augusto/Desktop/InfoII/Libreria_modulos/Modulos/Debug/libModulos.a(RingBuffer.o)
                                                  ./src/Test_RingBuffer.o
RingBufferGetAvailableSpace                       /home/augusto/Desktop/InfoII/Libreria_modulos/Modulos/Debug/libModulos.a(RingBuffer.o)
                                                  ./src/Test_RingBuffer.o
RingBufferGetTotalSpace                           /home/augusto/Desktop/InfoII/Libreria_modulos/Modulos/Debug/libModulos.a(RingBuffer.o)
                                                  ./src/Test_RingBuffer.o
RingBufferInit                                    /home/augusto/Desktop/InfoII/Libreria_modulos/Modulos/Debug/libModulos.a(RingBuffer.o)
                                                  ./src/Test_RingBuffer.o
RingBufferPopElement                              /home/augusto/Desktop/InfoII/Libreria_modulos/Modulos/Debug/libModulos.a(RingBuffer.o)
                                                  ./src/Test_RingBuffer.o
RingBufferPutElement                              /home/augusto/Desktop/InfoII/Libreria_modulos/Modulos/Debug/libModulos.a(RingBuffer.o)
                                                  ./src/Test_RingBuffer.o
SCT_IRQHandler                                    ./src/cr_startup_lpc84x.o
SPI0_IRQHandler                                   ./src/cr_startup_lpc84x.o
SPI1_IRQHandler                                   ./src/cr_startup_lpc84x.o
SVC_Handler                                       ./src/cr_startup_lpc84x.o
SysTick_Handler                                   ./src/cr_startup_lpc84x.o
UART0_IRQHandler                                  ./src/cr_startup_lpc84x.o
UART1_IRQHandler                                  ./src/cr_startup_lpc84x.o
UART2_IRQHandler                                  ./src/cr_startup_lpc84x.o
WDT_IRQHandler                                    ./src/cr_startup_lpc84x.o
WKT_IRQHandler                                    ./src/cr_startup_lpc84x.o
__aeabi_idiv                                      /usr/local/mcuxpressoide-11.0.0_2516/ide/plugins/com.nxp.mcuxpresso.tools.linux_11.0.0.201905131304/tools/bin/../lib/gcc/arm-none-eabi/8.2.1/thumb/v6-m/nofp/libcr_eabihelpers.a(division_32.o)
__aeabi_idiv0                                     /usr/local/mcuxpressoide-11.0.0_2516/ide/plugins/com.nxp.mcuxpresso.tools.linux_11.0.0.201905131304/tools/bin/../lib/gcc/arm-none-eabi/8.2.1/thumb/v6-m/nofp/libcr_eabihelpers.a(division_idiv0.o)
                                                  /usr/local/mcuxpressoide-11.0.0_2516/ide/plugins/com.nxp.mcuxpresso.tools.linux_11.0.0.201905131304/tools/bin/../lib/gcc/arm-none-eabi/8.2.1/thumb/v6-m/nofp/libcr_eabihelpers.a(division_32.o)
__aeabi_idivmod                                   /usr/local/mcuxpressoide-11.0.0_2516/ide/plugins/com.nxp.mcuxpresso.tools.linux_11.0.0.201905131304/tools/bin/../lib/gcc/arm-none-eabi/8.2.1/thumb/v6-m/nofp/libcr_eabihelpers.a(division_32.o)
__aeabi_lowlevel_memset                           /usr/local/mcuxpressoide-11.0.0_2516/ide/plugins/com.nxp.mcuxpresso.tools.linux_11.0.0.201905131304/tools/bin/../lib/gcc/arm-none-eabi/8.2.1/thumb/v6-m/nofp/libcr_eabihelpers.a(memcpy.o)
                                                  /usr/local/mcuxpressoide-11.0.0_2516/ide/plugins/com.nxp.mcuxpresso.tools.linux_11.0.0.201905131304/tools/bin/../lib/gcc/arm-none-eabi/8.2.1/../../../../arm-none-eabi/lib/thumb/v6-m/nofp/libcr_c.a(memset.o)
__aeabi_memclr                                    /usr/local/mcuxpressoide-11.0.0_2516/ide/plugins/com.nxp.mcuxpresso.tools.linux_11.0.0.201905131304/tools/bin/../lib/gcc/arm-none-eabi/8.2.1/thumb/v6-m/nofp/libcr_eabihelpers.a(memcpy.o)
__aeabi_memclr4                                   /usr/local/mcuxpressoide-11.0.0_2516/ide/plugins/com.nxp.mcuxpresso.tools.linux_11.0.0.201905131304/tools/bin/../lib/gcc/arm-none-eabi/8.2.1/thumb/v6-m/nofp/libcr_eabihelpers.a(memcpy.o)
__aeabi_memclr8                                   /usr/local/mcuxpressoide-11.0.0_2516/ide/plugins/com.nxp.mcuxpresso.tools.linux_11.0.0.201905131304/tools/bin/../lib/gcc/arm-none-eabi/8.2.1/thumb/v6-m/nofp/libcr_eabihelpers.a(memcpy.o)
__aeabi_memcpy                                    /usr/local/mcuxpressoide-11.0.0_2516/ide/plugins/com.nxp.mcuxpresso.tools.linux_11.0.0.201905131304/tools/bin/../lib/gcc/arm-none-eabi/8.2.1/thumb/v6-m/nofp/libcr_eabihelpers.a(memcpy.o)
__aeabi_memcpy4                                   /usr/local/mcuxpressoide-11.0.0_2516/ide/plugins/com.nxp.mcuxpresso.tools.linux_11.0.0.201905131304/tools/bin/../lib/gcc/arm-none-eabi/8.2.1/thumb/v6-m/nofp/libcr_eabihelpers.a(memcpy.o)
__aeabi_memcpy8                                   /usr/local/mcuxpressoide-11.0.0_2516/ide/plugins/com.nxp.mcuxpresso.tools.linux_11.0.0.201905131304/tools/bin/../lib/gcc/arm-none-eabi/8.2.1/thumb/v6-m/nofp/libcr_eabihelpers.a(memcpy.o)
__aeabi_memmove                                   /usr/local/mcuxpressoide-11.0.0_2516/ide/plugins/com.nxp.mcuxpresso.tools.linux_11.0.0.201905131304/tools/bin/../lib/gcc/arm-none-eabi/8.2.1/thumb/v6-m/nofp/libcr_eabihelpers.a(memcpy.o)
__aeabi_memmove4                                  /usr/local/mcuxpressoide-11.0.0_2516/ide/plugins/com.nxp.mcuxpresso.tools.linux_11.0.0.201905131304/tools/bin/../lib/gcc/arm-none-eabi/8.2.1/thumb/v6-m/nofp/libcr_eabihelpers.a(memcpy.o)
__aeabi_memmove8                                  /usr/local/mcuxpressoide-11.0.0_2516/ide/plugins/com.nxp.mcuxpresso.tools.linux_11.0.0.201905131304/tools/bin/../lib/gcc/arm-none-eabi/8.2.1/thumb/v6-m/nofp/libcr_eabihelpers.a(memcpy.o)
__aeabi_memset                                    /usr/local/mcuxpressoide-11.0.0_2516/ide/plugins/com.nxp.mcuxpresso.tools.linux_11.0.0.201905131304/tools/bin/../lib/gcc/arm-none-eabi/8.2.1/thumb/v6-m/nofp/libcr_eabihelpers.a(memcpy.o)
__aeabi_memset4                                   /usr/local/mcuxpressoide-11.0.0_2516/ide/plugins/com.nxp.mcuxpresso.tools.linux_11.0.0.201905131304/tools/bin/../lib/gcc/arm-none-eabi/8.2.1/thumb/v6-m/nofp/libcr_eabihelpers.a(memcpy.o)
__aeabi_memset8                                   /usr/local/mcuxpressoide-11.0.0_2516/ide/plugins/com.nxp.mcuxpresso.tools.linux_11.0.0.201905131304/tools/bin/../lib/gcc/arm-none-eabi/8.2.1/thumb/v6-m/nofp/libcr_eabihelpers.a(memcpy.o)
__aeabi_uidiv                                     /usr/local/mcuxpressoide-11.0.0_2516/ide/plugins/com.nxp.mcuxpresso.tools.linux_11.0.0.201905131304/tools/bin/../lib/gcc/arm-none-eabi/8.2.1/thumb/v6-m/nofp/libcr_eabihelpers.a(division_32.o)
__aeabi_uidivmod                                  /usr/local/mcuxpressoide-11.0.0_2516/ide/plugins/com.nxp.mcuxpresso.tools.linux_11.0.0.201905131304/tools/bin/../lib/gcc/arm-none-eabi/8.2.1/thumb/v6-m/nofp/libcr_eabihelpers.a(division_32.o)
                                                  /home/augusto/Desktop/InfoII/Libreria_modulos/Modulos/Debug/libModulos.a(RingBuffer.o)
__bss_section_table_end                           ./src/cr_startup_lpc84x.o
__data_section_table                              ./src/cr_startup_lpc84x.o
__data_section_table_end                          ./src/cr_startup_lpc84x.o
__main                                            /usr/local/mcuxpressoide-11.0.0_2516/ide/plugins/com.nxp.mcuxpresso.tools.linux_11.0.0.201905131304/tools/bin/../lib/gcc/arm-none-eabi/8.2.1/../../../../arm-none-eabi/lib/thumb/v6-m/nofp/libcr_c.a(__weak__main.o)
                                                  ./src/cr_startup_lpc84x.o
__valid_user_code_checksum                        ./src/cr_startup_lpc84x.o
__weak_main                                       /usr/local/mcuxpressoide-11.0.0_2516/ide/plugins/com.nxp.mcuxpresso.tools.linux_11.0.0.201905131304/tools/bin/../lib/gcc/arm-none-eabi/8.2.1/../../../../arm-none-eabi/lib/thumb/v6-m/nofp/libcr_c.a(__weak__main.o)
_vStackTop                                        ./src/cr_startup_lpc84x.o
bss_init                                          ./src/cr_startup_lpc84x.o
data_init                                         ./src/cr_startup_lpc84x.o
g_pfnVectors                                      ./src/cr_startup_lpc84x.o
main                                              ./src/Test_RingBuffer.o
                                                  /usr/local/mcuxpressoide-11.0.0_2516/ide/plugins/com.nxp.mcuxpresso.tools.linux_11.0.0.201905131304/tools/bin/../lib/gcc/arm-none-eabi/8.2.1/../../../../arm-none-eabi/lib/thumb/v6-m/nofp/libcr_c.a(__weak__main.o)
memset                                            /usr/local/mcuxpressoide-11.0.0_2516/ide/plugins/com.nxp.mcuxpresso.tools.linux_11.0.0.201905131304/tools/bin/../lib/gcc/arm-none-eabi/8.2.1/../../../../arm-none-eabi/lib/thumb/v6-m/nofp/libcr_c.a(memset.o)
                                                  ./src/Test_RingBuffer.o
