18:37:14 **** Clean-only build of configuration Debug for project Modulos ****
make -r clean 
rm -rf  ./source/RingBuffer.o  ./source/RingBuffer.d  libModulos.a
 
18:37:15 **** Build of configuration Debug for project Modulos ****
make -r all 
Building file: ../source/RingBuffer.c
Invoking: MCU C Compiler
arm-none-eabi-gcc -DDEBUG -D__CODE_RED -D__REDLIB__ -DCORE_M0PLUS -D__LPC84X__ -I"/home/augusto/Desktop/InfoII/Libreria_modulos/Modulos/Modulos/includes" -O0 -fno-common -g3 -Wall -c -fmessage-length=0 -fno-builtin -ffunction-sections -fdata-sections -mcpu=cortex-m0 -mthumb -D__REDLIB__ -fstack-usage -specs=redlib.specs -MMD -MP -MF"source/RingBuffer.d" -MT"source/RingBuffer.o" -MT"source/RingBuffer.d" -o "source/RingBuffer.o" "../source/RingBuffer.c"
Finished building: ../source/RingBuffer.c
 
Building target: libModulos.a
Invoking: MCU Archiver
arm-none-eabi-ar -r  "libModulos.a"  ./source/RingBuffer.o   
arm-none-eabi-ar: creating libModulos.a
Finished building target: libModulos.a
 
make --no-print-directory post-build
Performing post-build steps
arm-none-eabi-size "libModulos.a" ; # arm-none-eabi-objdump -h -S "libModulos.a" >"libModulos.lss"
   text	   data	    bss	    dec	    hex	filename
    400	      0	      0	    400	    190	RingBuffer.o (ex libModulos.a)
 
18:48:08 **** Build of configuration Debug for project Modulos ****
make -r all 
make: Nothing to be done for 'all'.
18:48:09 **** Build of configuration Debug for project Test_modulos ****
make -r -j4 all 
Building file: ../src/Test_modulos.c
Building file: ../src/aeabi_romdiv_patch.s
Building file: ../src/cr_startup_lpc84x.c
Building file: ../src/crp.c
Invoking: MCU C Compiler
Invoking: MCU Assembler
arm-none-eabi-gcc -DDEBUG -D__CODE_RED -DCORE_M0PLUS -D__MTB_DISABLE -D__MTB_BUFFER_SIZE=256 -D__LPC84X__ -D__REDLIB__ -I"/home/augusto/Desktop/InfoII/Libreria_modulos/Modulos/Modulos/includes" -O0 -fno-common -g3 -Wall -c -fmessage-length=0 -fno-builtin -ffunction-sections -fdata-sections -mcpu=cortex-m0 -mthumb -fstack-usage -specs=redlib.specs -MMD -MP -MF"src/cr_startup_lpc84x.d" -MT"src/cr_startup_lpc84x.o" -MT"src/cr_startup_lpc84x.d" -o "src/cr_startup_lpc84x.o" "../src/cr_startup_lpc84x.c"
arm-none-eabi-gcc -c -x assembler-with-cpp -DDEBUG -D__CODE_RED -DCORE_M0PLUS -D__LPC84X__ -D__REDLIB__ -g3 -mcpu=cortex-m0 -mthumb -specs=redlib.specs -o "src/aeabi_romdiv_patch.o" "../src/aeabi_romdiv_patch.s"
Invoking: MCU C Compiler
arm-none-eabi-gcc -DDEBUG -D__CODE_RED -DCORE_M0PLUS -D__MTB_DISABLE -D__MTB_BUFFER_SIZE=256 -D__LPC84X__ -D__REDLIB__ -I"/home/augusto/Desktop/InfoII/Libreria_modulos/Modulos/Modulos/includes" -O0 -fno-common -g3 -Wall -c -fmessage-length=0 -fno-builtin -ffunction-sections -fdata-sections -mcpu=cortex-m0 -mthumb -fstack-usage -specs=redlib.specs -MMD -MP -MF"src/Test_modulos.d" -MT"src/Test_modulos.o" -MT"src/Test_modulos.d" -o "src/Test_modulos.o" "../src/Test_modulos.c"
Invoking: MCU C Compiler
arm-none-eabi-gcc -DDEBUG -D__CODE_RED -DCORE_M0PLUS -D__MTB_DISABLE -D__MTB_BUFFER_SIZE=256 -D__LPC84X__ -D__REDLIB__ -I"/home/augusto/Desktop/InfoII/Libreria_modulos/Modulos/Modulos/includes" -O0 -fno-common -g3 -Wall -c -fmessage-length=0 -fno-builtin -ffunction-sections -fdata-sections -mcpu=cortex-m0 -mthumb -fstack-usage -specs=redlib.specs -MMD -MP -MF"src/crp.d" -MT"src/crp.o" -MT"src/crp.d" -o "src/crp.o" "../src/crp.c"
../src/Test_modulos.c: In function 'main':
../src/Test_modulos.c:35:2: warning: implicit declaration of function 'RingBufferInit'; did you mean 'RingBuferInit'? [-Wimplicit-function-declaration]
  RingBufferInit(&rb_1);
  ^~~~~~~~~~~~~~
  RingBuferInit
Finished building: ../src/aeabi_romdiv_patch.s
 
Building file: ../src/mtb.c
Invoking: MCU C Compiler
arm-none-eabi-gcc -DDEBUG -D__CODE_RED -DCORE_M0PLUS -D__MTB_DISABLE -D__MTB_BUFFER_SIZE=256 -D__LPC84X__ -D__REDLIB__ -I"/home/augusto/Desktop/InfoII/Libreria_modulos/Modulos/Modulos/includes" -O0 -fno-common -g3 -Wall -c -fmessage-length=0 -fno-builtin -ffunction-sections -fdata-sections -mcpu=cortex-m0 -mthumb -fstack-usage -specs=redlib.specs -MMD -MP -MF"src/mtb.d" -MT"src/mtb.o" -MT"src/mtb.d" -o "src/mtb.o" "../src/mtb.c"
Finished building: ../src/crp.c
 
Finished building: ../src/cr_startup_lpc84x.c
Finished building: ../src/Test_modulos.c
Finished building: ../src/mtb.c
 
 
 
Building target: Test_modulos.axf
Invoking: MCU Linker
arm-none-eabi-gcc -nostdlib -L"/home/augusto/Desktop/InfoII/Libreria_modulos/Modulos/Modulos/Debug" -Xlinker -Map="Test_modulos.map" -Xlinker --cref -Xlinker --gc-sections -Xlinker -print-memory-usage -mcpu=cortex-m0 -mthumb -T "Test_modulos_Debug.ld" -o "Test_modulos.axf"  ./src/Test_modulos.o ./src/aeabi_romdiv_patch.o ./src/cr_startup_lpc84x.o ./src/crp.o ./src/mtb.o   -lModulos
Memory region         Used Size  Region Size  %age Used
/usr/local/mcuxpressoide-11.0.0_2516/ide/plugins/com.nxp.mcuxpresso.tools.linux_11.0.0.201905131304/tools/bin/../lib/gcc/arm-none-eabi/8.2.1/../../../../arm-none-eabi/bin/ld: ./src/Test_modulos.o: in function `main':
        MFlash64:         672 B        64 KB      1.03%
/home/augusto/Desktop/InfoII/Libreria_modulos/Test_modulos/Debug/../src/Test_modulos.c:35: undefined reference to `RingBufferInit'
/usr/local/mcuxpressoide-11.0.0_2516/ide/plugins/com.nxp.mcuxpresso.tools.linux_11.0.0.201905131304/tools/bin/../lib/gcc/arm-none-eabi/8.2.1/../../../../arm-none-eabi/bin/ld: /home/augusto/Desktop/InfoII/Libreria_modulos/Test_modulos/Debug/../src/Test_modulos.c:36: undefined reference to `RingBufferInit'
collect2: error: ld returned 1 exit status
        RamLoc16:         100 B        16 KB      0.61%
make: *** [Test_modulos.axf] Error 1
makefile:30: recipe for target 'Test_modulos.axf' failed
"make -r -j4 all" terminated with exit code 2. Build might be incomplete.
18:48:27 **** Incremental Build of configuration Debug for project Modulos ****
make -r all 
Building file: ../source/RingBuffer.c
Invoking: MCU C Compiler
arm-none-eabi-gcc -DDEBUG -D__CODE_RED -D__REDLIB__ -DCORE_M0PLUS -D__LPC84X__ -I"/home/augusto/Desktop/InfoII/Libreria_modulos/Modulos/Modulos/includes" -O0 -fno-common -g3 -Wall -c -fmessage-length=0 -fno-builtin -ffunction-sections -fdata-sections -mcpu=cortex-m0 -mthumb -D__REDLIB__ -fstack-usage -specs=redlib.specs -MMD -MP -MF"source/RingBuffer.d" -MT"source/RingBuffer.o" -MT"source/RingBuffer.d" -o "source/RingBuffer.o" "../source/RingBuffer.c"
Finished building: ../source/RingBuffer.c
 
Building target: libModulos.a
Invoking: MCU Archiver
arm-none-eabi-ar -r  "libModulos.a"  ./source/RingBuffer.o   
arm-none-eabi-ar: creating libModulos.a
Finished building target: libModulos.a
 
make --no-print-directory post-build
Performing post-build steps
arm-none-eabi-size "libModulos.a" ; # arm-none-eabi-objdump -h -S "libModulos.a" >"libModulos.lss"
   text	   data	    bss	    dec	    hex	filename
    400	      0	      0	    400	    190	RingBuffer.o (ex libModulos.a)
 
18:48:28 **** Incremental Build of configuration Debug for project Test_modulos ****
make -r -j4 all 
Building file: ../src/Test_modulos.c
Invoking: MCU C Compiler
arm-none-eabi-gcc -DDEBUG -D__CODE_RED -DCORE_M0PLUS -D__MTB_DISABLE -D__MTB_BUFFER_SIZE=256 -D__LPC84X__ -D__REDLIB__ -I"/home/augusto/Desktop/InfoII/Libreria_modulos/Modulos/Modulos/includes" -O0 -fno-common -g3 -Wall -c -fmessage-length=0 -fno-builtin -ffunction-sections -fdata-sections -mcpu=cortex-m0 -mthumb -fstack-usage -specs=redlib.specs -MMD -MP -MF"src/Test_modulos.d" -MT"src/Test_modulos.o" -MT"src/Test_modulos.d" -o "src/Test_modulos.o" "../src/Test_modulos.c"
Finished building: ../src/Test_modulos.c
 
Building target: Test_modulos.axf
Invoking: MCU Linker
arm-none-eabi-gcc -nostdlib -L"/home/augusto/Desktop/InfoII/Libreria_modulos/Modulos/Modulos/Debug" -Xlinker -Map="Test_modulos.map" -Xlinker --cref -Xlinker --gc-sections -Xlinker -print-memory-usage -mcpu=cortex-m0 -mthumb -T "Test_modulos_Debug.ld" -o "Test_modulos.axf"  ./src/Test_modulos.o ./src/aeabi_romdiv_patch.o ./src/cr_startup_lpc84x.o ./src/crp.o ./src/mtb.o   -lModulos
Memory region         Used Size  Region Size  %age Used
        MFlash64:         700 B        64 KB      1.07%
        RamLoc16:         100 B        16 KB      0.61%
Finished building target: Test_modulos.axf
 
make --no-print-directory post-build
Performing post-build steps
arm-none-eabi-size "Test_modulos.axf"; # arm-none-eabi-objcopy -v -O binary "Test_modulos.axf" "Test_modulos.bin" ; # checksum -p LPC845 -d "Test_modulos.bin";
   text	   data	    bss	    dec	    hex	filename
    700	      0	    100	    800	    320	Test_modulos.axf
 
18:53:21 **** Incremental Build of configuration Debug for project Modulos ****
make -r all 
Building file: ../source/RingBuffer.c
Invoking: MCU C Compiler
arm-none-eabi-gcc -DDEBUG -D__CODE_RED -D__REDLIB__ -DCORE_M0PLUS -D__LPC84X__ -I"/home/augusto/Desktop/InfoII/Libreria_modulos/Modulos/Modulos/includes" -O0 -fno-common -g3 -Wall -c -fmessage-length=0 -fno-builtin -ffunction-sections -fdata-sections -mcpu=cortex-m0 -mthumb -D__REDLIB__ -fstack-usage -specs=redlib.specs -MMD -MP -MF"source/RingBuffer.d" -MT"source/RingBuffer.o" -MT"source/RingBuffer.d" -o "source/RingBuffer.o" "../source/RingBuffer.c"
Finished building: ../source/RingBuffer.c
 
Building target: libModulos.a
Invoking: MCU Archiver
arm-none-eabi-ar -r  "libModulos.a"  ./source/RingBuffer.o   
arm-none-eabi-ar: creating libModulos.a
Finished building target: libModulos.a
 
make --no-print-directory post-build
Performing post-build steps
arm-none-eabi-size "libModulos.a" ; # arm-none-eabi-objdump -h -S "libModulos.a" >"libModulos.lss"
   text	   data	    bss	    dec	    hex	filename
    400	      0	      0	    400	    190	RingBuffer.o (ex libModulos.a)
 
18:53:22 **** Clean-only build of configuration Debug for project Test_RingBuffer ****
make -r -j4 clean 
rm -rf  ./src/Test_modulos.o ./src/aeabi_romdiv_patch.o ./src/cr_startup_lpc84x.o ./src/crp.o ./src/mtb.o  ./src/Test_modulos.d ./src/cr_startup_lpc84x.d ./src/crp.d ./src/mtb.d  Test_modulos.axf
 
18:53:23 **** Build of configuration Debug for project Test_RingBuffer ****
make -r -j4 all 
Building file: ../src/Test_RingBuffer.c
Building file: ../src/aeabi_romdiv_patch.s
Building file: ../src/cr_startup_lpc84x.c
Building file: ../src/crp.c
Invoking: MCU C Compiler
arm-none-eabi-gcc -DDEBUG -D__CODE_RED -DCORE_M0PLUS -D__MTB_DISABLE -D__MTB_BUFFER_SIZE=256 -D__LPC84X__ -D__REDLIB__ -I"/home/augusto/Desktop/InfoII/Libreria_modulos/Modulos/Modulos/includes" -O0 -fno-common -g3 -Wall -c -fmessage-length=0 -fno-builtin -ffunction-sections -fdata-sections -mcpu=cortex-m0 -mthumb -fstack-usage -specs=redlib.specs -MMD -MP -MF"src/cr_startup_lpc84x.d" -MT"src/cr_startup_lpc84x.o" -MT"src/cr_startup_lpc84x.d" -o "src/cr_startup_lpc84x.o" "../src/cr_startup_lpc84x.c"
Invoking: MCU Assembler
arm-none-eabi-gcc -c -x assembler-with-cpp -DDEBUG -D__CODE_RED -DCORE_M0PLUS -D__LPC84X__ -D__REDLIB__ -g3 -mcpu=cortex-m0 -mthumb -specs=redlib.specs -o "src/aeabi_romdiv_patch.o" "../src/aeabi_romdiv_patch.s"
Invoking: MCU C Compiler
arm-none-eabi-gcc -DDEBUG -D__CODE_RED -DCORE_M0PLUS -D__MTB_DISABLE -D__MTB_BUFFER_SIZE=256 -D__LPC84X__ -D__REDLIB__ -I"/home/augusto/Desktop/InfoII/Libreria_modulos/Modulos/Modulos/includes" -O0 -fno-common -g3 -Wall -c -fmessage-length=0 -fno-builtin -ffunction-sections -fdata-sections -mcpu=cortex-m0 -mthumb -fstack-usage -specs=redlib.specs -MMD -MP -MF"src/crp.d" -MT"src/crp.o" -MT"src/crp.d" -o "src/crp.o" "../src/crp.c"
Invoking: MCU C Compiler
arm-none-eabi-gcc -DDEBUG -D__CODE_RED -DCORE_M0PLUS -D__MTB_DISABLE -D__MTB_BUFFER_SIZE=256 -D__LPC84X__ -D__REDLIB__ -I"/home/augusto/Desktop/InfoII/Libreria_modulos/Modulos/Modulos/includes" -O0 -fno-common -g3 -Wall -c -fmessage-length=0 -fno-builtin -ffunction-sections -fdata-sections -mcpu=cortex-m0 -mthumb -fstack-usage -specs=redlib.specs -MMD -MP -MF"src/Test_RingBuffer.d" -MT"src/Test_RingBuffer.o" -MT"src/Test_RingBuffer.d" -o "src/Test_RingBuffer.o" "../src/Test_RingBuffer.c"
../src/Test_RingBuffer.c: In function 'main':
../src/Test_RingBuffer.c:53:7: warning: variable 'resultado' set but not used [-Wunused-but-set-variable]
   int resultado;
       ^~~~~~~~~
Finished building: ../src/aeabi_romdiv_patch.s
 
Building file: ../src/mtb.c
Finished building: ../src/cr_startup_lpc84x.c
Invoking: MCU C Compiler
arm-none-eabi-gcc -DDEBUG -D__CODE_RED -DCORE_M0PLUS -D__MTB_DISABLE -D__MTB_BUFFER_SIZE=256 -D__LPC84X__ -D__REDLIB__ -I"/home/augusto/Desktop/InfoII/Libreria_modulos/Modulos/Modulos/includes" -O0 -fno-common -g3 -Wall -c -fmessage-length=0 -fno-builtin -ffunction-sections -fdata-sections -mcpu=cortex-m0 -mthumb -fstack-usage -specs=redlib.specs -MMD -MP -MF"src/mtb.d" -MT"src/mtb.o" -MT"src/mtb.d" -o "src/mtb.o" "../src/mtb.c"
 
Finished building: ../src/Test_RingBuffer.c
 
Finished building: ../src/crp.c
 
Finished building: ../src/mtb.c
 
Building target: Test_RingBuffer.axf
Invoking: MCU Linker
arm-none-eabi-gcc -nostdlib -L"/home/augusto/Desktop/InfoII/Libreria_modulos/Modulos/Modulos/Debug" -Xlinker -Map="Test_RingBuffer.map" -Xlinker --cref -Xlinker --gc-sections -Xlinker -print-memory-usage -mcpu=cortex-m0 -mthumb -T "Test_RingBuffer_Debug.ld" -o "Test_RingBuffer.axf"  ./src/Test_RingBuffer.o ./src/aeabi_romdiv_patch.o ./src/cr_startup_lpc84x.o ./src/crp.o ./src/mtb.o   -lModulos
Memory region         Used Size  Region Size  %age Used
        MFlash64:        1368 B        64 KB      2.09%
        RamLoc16:         100 B        16 KB      0.61%
Finished building target: Test_RingBuffer.axf
 
make --no-print-directory post-build
Performing post-build steps
arm-none-eabi-size "Test_RingBuffer.axf"; # arm-none-eabi-objcopy -v -O binary "Test_RingBuffer.axf" "Test_RingBuffer.bin" ; # checksum -p LPC845 -d "Test_RingBuffer.bin";
   text	   data	    bss	    dec	    hex	filename
   1368	      0	    100	   1468	    5bc	Test_RingBuffer.axf
 
18:53:59 **** Incremental Build of configuration Debug for project Test_RingBuffer ****
make -r -j4 all 
Building file: ../src/Test_RingBuffer.c
Building file: ../src/aeabi_romdiv_patch.s
Building file: ../src/crp.c
Invoking: MCU C Compiler
arm-none-eabi-gcc -DDEBUG -D__CODE_RED -DCORE_M0PLUS -D__MTB_DISABLE -D__MTB_BUFFER_SIZE=256 -D__LPC84X__ -D__REDLIB__ -I"/home/augusto/Desktop/InfoII/Libreria_modulos/Modulos/Modulos/includes" -O0 -fno-common -g3 -Wall -c -fmessage-length=0 -fno-builtin -ffunction-sections -fdata-sections -mcpu=cortex-m0 -mthumb -fstack-usage -specs=redlib.specs -MMD -MP -MF"src/crp.d" -MT"src/crp.o" -MT"src/crp.d" -o "src/crp.o" "../src/crp.c"
Invoking: MCU C Compiler
arm-none-eabi-gcc -DDEBUG -D__CODE_RED -DCORE_M0PLUS -D__MTB_DISABLE -D__MTB_BUFFER_SIZE=256 -D__LPC84X__ -D__REDLIB__ -I"/home/augusto/Desktop/InfoII/Libreria_modulos/Modulos/Modulos/includes" -O0 -fno-common -g3 -Wall -c -fmessage-length=0 -fno-builtin -ffunction-sections -fdata-sections -mcpu=cortex-m0 -mthumb -fstack-usage -specs=redlib.specs -MMD -MP -MF"src/Test_RingBuffer.d" -MT"src/Test_RingBuffer.o" -MT"src/Test_RingBuffer.d" -o "src/Test_RingBuffer.o" "../src/Test_RingBuffer.c"
Building file: ../src/cr_startup_lpc84x.c
Invoking: MCU C Compiler
arm-none-eabi-gcc -DDEBUG -D__CODE_RED -DCORE_M0PLUS -D__MTB_DISABLE -D__MTB_BUFFER_SIZE=256 -D__LPC84X__ -D__REDLIB__ -I"/home/augusto/Desktop/InfoII/Libreria_modulos/Modulos/Modulos/includes" -O0 -fno-common -g3 -Wall -c -fmessage-length=0 -fno-builtin -ffunction-sections -fdata-sections -mcpu=cortex-m0 -mthumb -fstack-usage -specs=redlib.specs -MMD -MP -MF"src/cr_startup_lpc84x.d" -MT"src/cr_startup_lpc84x.o" -MT"src/cr_startup_lpc84x.d" -o "src/cr_startup_lpc84x.o" "../src/cr_startup_lpc84x.c"
Invoking: MCU Assembler
arm-none-eabi-gcc -c -x assembler-with-cpp -DDEBUG -D__CODE_RED -DCORE_M0PLUS -D__LPC84X__ -D__REDLIB__ -g3 -mcpu=cortex-m0 -mthumb -specs=redlib.specs -o "src/aeabi_romdiv_patch.o" "../src/aeabi_romdiv_patch.s"
../src/Test_RingBuffer.c: In function 'main':
../src/Test_RingBuffer.c:53:7: warning: variable 'resultado' set but not used [-Wunused-but-set-variable]
   int resultado;
       ^~~~~~~~~
Finished building: ../src/crp.c
Finished building: ../src/Test_RingBuffer.c
Finished building: ../src/cr_startup_lpc84x.c
Finished building: ../src/aeabi_romdiv_patch.s
 
 
 
Building file: ../src/mtb.c
 
Invoking: MCU C Compiler
arm-none-eabi-gcc -DDEBUG -D__CODE_RED -DCORE_M0PLUS -D__MTB_DISABLE -D__MTB_BUFFER_SIZE=256 -D__LPC84X__ -D__REDLIB__ -I"/home/augusto/Desktop/InfoII/Libreria_modulos/Modulos/Modulos/includes" -O0 -fno-common -g3 -Wall -c -fmessage-length=0 -fno-builtin -ffunction-sections -fdata-sections -mcpu=cortex-m0 -mthumb -fstack-usage -specs=redlib.specs -MMD -MP -MF"src/mtb.d" -MT"src/mtb.o" -MT"src/mtb.d" -o "src/mtb.o" "../src/mtb.c"
Finished building: ../src/mtb.c
 
Building target: Test_RingBuffer.axf
Invoking: MCU Linker
arm-none-eabi-gcc -nostdlib -L"/home/augusto/Desktop/InfoII/Libreria_modulos/Modulos/Modulos/Debug" -Xlinker -Map="Test_RingBuffer.map" -Xlinker --cref -Xlinker --gc-sections -Xlinker -print-memory-usage -mcpu=cortex-m0 -mthumb -T "Test_RingBuffer_Debug.ld" -o "Test_RingBuffer.axf"  ./src/Test_RingBuffer.o ./src/aeabi_romdiv_patch.o ./src/cr_startup_lpc84x.o ./src/crp.o ./src/mtb.o   -lModulos
Memory region         Used Size  Region Size  %age Used
        MFlash64:        1368 B        64 KB      2.09%
        RamLoc16:         100 B        16 KB      0.61%
Finished building target: Test_RingBuffer.axf
 
make --no-print-directory post-build
Performing post-build steps
arm-none-eabi-size "Test_RingBuffer.axf"; # arm-none-eabi-objcopy -v -O binary "Test_RingBuffer.axf" "Test_RingBuffer.bin" ; # checksum -p LPC845 -d "Test_RingBuffer.bin";
   text	   data	    bss	    dec	    hex	filename
   1368	      0	    100	   1468	    5bc	Test_RingBuffer.axf
 
19:03:34 **** Incremental Build of configuration Debug for project Modulos ****
make -r all 
Building file: ../source/RingBuffer.c
Invoking: MCU C Compiler
arm-none-eabi-gcc -DDEBUG -D__CODE_RED -D__REDLIB__ -DCORE_M0PLUS -D__LPC84X__ -I"/home/augusto/Desktop/InfoII/Libreria_modulos/Modulos/Modulos/includes" -O0 -fno-common -g3 -Wall -c -fmessage-length=0 -fno-builtin -ffunction-sections -fdata-sections -mcpu=cortex-m0 -mthumb -D__REDLIB__ -fstack-usage -specs=redlib.specs -MMD -MP -MF"source/RingBuffer.d" -MT"source/RingBuffer.o" -MT"source/RingBuffer.d" -o "source/RingBuffer.o" "../source/RingBuffer.c"
../source/RingBuffer.c: In function 'RingBufferInit':
../source/RingBuffer.c:19:26: error: 'RingBuffer' {aka 'struct <anonymous>'} has no member named 'current_elements'; did you mean 'current_elements_amount'?
  *((unsigned int *) &rb->current_elements) = 0;
                          ^~~~~~~~~~~~~~~~
                          current_elements_amount
../source/RingBuffer.c: In function 'RingBufferPopElement':
../source/RingBuffer.c:32:13: warning: initialization discards 'const' qualifier from pointer target type [-Wdiscarded-qualifiers]
   void *e = rb->memory_buffer + (rb->out_idx * rb->data_size);
             ^~
../source/RingBuffer.c:39:51: error: lvalue required as decrement operand
   *((unsigned int *) &rb->current_elements_amount)--;
                                                   ^~
../source/RingBuffer.c: In function 'RingBufferPutElement':
../source/RingBuffer.c:66:51: error: lvalue required as increment operand
   *((unsigned int *) &rb->current_elements_amount)++;
                                                   ^~
make: *** [source/RingBuffer.o] Error 1
source/subdir.mk:18: recipe for target 'source/RingBuffer.o' failed
"make -r all" terminated with exit code 2. Build might be incomplete.
19:03:35 **** Incremental Build of configuration Debug for project Test_RingBuffer ****
make -r -j4 all 
Building file: ../src/Test_RingBuffer.c
Building file: ../src/crp.c
Building file: ../src/aeabi_romdiv_patch.s
Building file: ../src/cr_startup_lpc84x.c
Invoking: MCU C Compiler
arm-none-eabi-gcc -DDEBUG -D__CODE_RED -DCORE_M0PLUS -D__MTB_DISABLE -D__MTB_BUFFER_SIZE=256 -D__LPC84X__ -D__REDLIB__ -I"/home/augusto/Desktop/InfoII/Libreria_modulos/Modulos/Modulos/includes" -O0 -fno-common -g3 -Wall -c -fmessage-length=0 -fno-builtin -ffunction-sections -fdata-sections -mcpu=cortex-m0 -mthumb -fstack-usage -specs=redlib.specs -MMD -MP -MF"src/crp.d" -MT"src/crp.o" -MT"src/crp.d" -o "src/crp.o" "../src/crp.c"
Invoking: MCU C Compiler
arm-none-eabi-gcc -DDEBUG -D__CODE_RED -DCORE_M0PLUS -D__MTB_DISABLE -D__MTB_BUFFER_SIZE=256 -D__LPC84X__ -D__REDLIB__ -I"/home/augusto/Desktop/InfoII/Libreria_modulos/Modulos/Modulos/includes" -O0 -fno-common -g3 -Wall -c -fmessage-length=0 -fno-builtin -ffunction-sections -fdata-sections -mcpu=cortex-m0 -mthumb -fstack-usage -specs=redlib.specs -MMD -MP -MF"src/Test_RingBuffer.d" -MT"src/Test_RingBuffer.o" -MT"src/Test_RingBuffer.d" -o "src/Test_RingBuffer.o" "../src/Test_RingBuffer.c"
Invoking: MCU Assembler
arm-none-eabi-gcc -c -x assembler-with-cpp -DDEBUG -D__CODE_RED -DCORE_M0PLUS -D__LPC84X__ -D__REDLIB__ -g3 -mcpu=cortex-m0 -mthumb -specs=redlib.specs -o "src/aeabi_romdiv_patch.o" "../src/aeabi_romdiv_patch.s"
Invoking: MCU C Compiler
arm-none-eabi-gcc -DDEBUG -D__CODE_RED -DCORE_M0PLUS -D__MTB_DISABLE -D__MTB_BUFFER_SIZE=256 -D__LPC84X__ -D__REDLIB__ -I"/home/augusto/Desktop/InfoII/Libreria_modulos/Modulos/Modulos/includes" -O0 -fno-common -g3 -Wall -c -fmessage-length=0 -fno-builtin -ffunction-sections -fdata-sections -mcpu=cortex-m0 -mthumb -fstack-usage -specs=redlib.specs -MMD -MP -MF"src/cr_startup_lpc84x.d" -MT"src/cr_startup_lpc84x.o" -MT"src/cr_startup_lpc84x.d" -o "src/cr_startup_lpc84x.o" "../src/cr_startup_lpc84x.c"
../src/Test_RingBuffer.c: In function 'main':
../src/Test_RingBuffer.c:53:7: warning: variable 'resultado' set but not used [-Wunused-but-set-variable]
   int resultado;
       ^~~~~~~~~
Finished building: ../src/aeabi_romdiv_patch.s
 
Building file: ../src/mtb.c
Finished building: ../src/crp.c
 
Invoking: MCU C Compiler
arm-none-eabi-gcc -DDEBUG -D__CODE_RED -DCORE_M0PLUS -D__MTB_DISABLE -D__MTB_BUFFER_SIZE=256 -D__LPC84X__ -D__REDLIB__ -I"/home/augusto/Desktop/InfoII/Libreria_modulos/Modulos/Modulos/includes" -O0 -fno-common -g3 -Wall -c -fmessage-length=0 -fno-builtin -ffunction-sections -fdata-sections -mcpu=cortex-m0 -mthumb -fstack-usage -specs=redlib.specs -MMD -MP -MF"src/mtb.d" -MT"src/mtb.o" -MT"src/mtb.d" -o "src/mtb.o" "../src/mtb.c"
Finished building: ../src/cr_startup_lpc84x.c
 
Finished building: ../src/Test_RingBuffer.c
 
Finished building: ../src/mtb.c
 
Building target: Test_RingBuffer.axf
Invoking: MCU Linker
arm-none-eabi-gcc -nostdlib -L"/home/augusto/Desktop/InfoII/Libreria_modulos/Modulos/Modulos/Debug" -Xlinker -Map="Test_RingBuffer.map" -Xlinker --cref -Xlinker --gc-sections -Xlinker -print-memory-usage -mcpu=cortex-m0 -mthumb -T "Test_RingBuffer_Debug.ld" -o "Test_RingBuffer.axf"  ./src/Test_RingBuffer.o ./src/aeabi_romdiv_patch.o ./src/cr_startup_lpc84x.o ./src/crp.o ./src/mtb.o   -lModulos
/usr/local/mcuxpressoide-11.0.0_2516/ide/plugins/com.nxp.mcuxpresso.tools.linux_11.0.0.201905131304/tools/bin/../lib/gcc/arm-none-eabi/8.2.1/../../../../arm-none-eabi/bin/ld: cannot find -lModulos
collect2: error: ld returned 1 exit status
make: *** [Test_RingBuffer.axf] Error 1
makefile:30: recipe for target 'Test_RingBuffer.axf' failed
"make -r -j4 all" terminated with exit code 2. Build might be incomplete.
19:04:17 **** Incremental Build of configuration Debug for project Modulos ****
make -r all 
Building file: ../source/RingBuffer.c
Invoking: MCU C Compiler
arm-none-eabi-gcc -DDEBUG -D__CODE_RED -D__REDLIB__ -DCORE_M0PLUS -D__LPC84X__ -I"/home/augusto/Desktop/InfoII/Libreria_modulos/Modulos/Modulos/includes" -O0 -fno-common -g3 -Wall -c -fmessage-length=0 -fno-builtin -ffunction-sections -fdata-sections -mcpu=cortex-m0 -mthumb -D__REDLIB__ -fstack-usage -specs=redlib.specs -MMD -MP -MF"source/RingBuffer.d" -MT"source/RingBuffer.o" -MT"source/RingBuffer.d" -o "source/RingBuffer.o" "../source/RingBuffer.c"
../source/RingBuffer.c: In function 'RingBufferPopElement':
../source/RingBuffer.c:39:4: error: expected expression before ')' token
   ()*((unsigned int *) &rb->current_elements_amount))--;
    ^
../source/RingBuffer.c:39:53: error: expected statement before ')' token
   ()*((unsigned int *) &rb->current_elements_amount))--;
                                                     ^
../source/RingBuffer.c:39:56: error: expected expression before ';' token
   ()*((unsigned int *) &rb->current_elements_amount))--;
                                                        ^
../source/RingBuffer.c: In function 'RingBufferPutElement':
../source/RingBuffer.c:66:51: error: lvalue required as increment operand
   *((unsigned int *) &rb->current_elements_amount)++;
                                                   ^~
source/subdir.mk:18: recipe for target 'source/RingBuffer.o' failed
make: *** [source/RingBuffer.o] Error 1
"make -r all" terminated with exit code 2. Build might be incomplete.
19:04:18 **** Incremental Build of configuration Debug for project Test_RingBuffer ****
make -r -j4 all 
Building file: ../src/Test_RingBuffer.c
Building file: ../src/cr_startup_lpc84x.c
Invoking: MCU C Compiler
Building file: ../src/crp.c
Building file: ../src/aeabi_romdiv_patch.s
arm-none-eabi-gcc -DDEBUG -D__CODE_RED -DCORE_M0PLUS -D__MTB_DISABLE -D__MTB_BUFFER_SIZE=256 -D__LPC84X__ -D__REDLIB__ -I"/home/augusto/Desktop/InfoII/Libreria_modulos/Modulos/Modulos/includes" -O0 -fno-common -g3 -Wall -c -fmessage-length=0 -fno-builtin -ffunction-sections -fdata-sections -mcpu=cortex-m0 -mthumb -fstack-usage -specs=redlib.specs -MMD -MP -MF"src/Test_RingBuffer.d" -MT"src/Test_RingBuffer.o" -MT"src/Test_RingBuffer.d" -o "src/Test_RingBuffer.o" "../src/Test_RingBuffer.c"
Invoking: MCU C Compiler
arm-none-eabi-gcc -DDEBUG -D__CODE_RED -DCORE_M0PLUS -D__MTB_DISABLE -D__MTB_BUFFER_SIZE=256 -D__LPC84X__ -D__REDLIB__ -I"/home/augusto/Desktop/InfoII/Libreria_modulos/Modulos/Modulos/includes" -O0 -fno-common -g3 -Wall -c -fmessage-length=0 -fno-builtin -ffunction-sections -fdata-sections -mcpu=cortex-m0 -mthumb -fstack-usage -specs=redlib.specs -MMD -MP -MF"src/cr_startup_lpc84x.d" -MT"src/cr_startup_lpc84x.o" -MT"src/cr_startup_lpc84x.d" -o "src/cr_startup_lpc84x.o" "../src/cr_startup_lpc84x.c"
Invoking: MCU Assembler
arm-none-eabi-gcc -c -x assembler-with-cpp -DDEBUG -D__CODE_RED -DCORE_M0PLUS -D__LPC84X__ -D__REDLIB__ -g3 -mcpu=cortex-m0 -mthumb -specs=redlib.specs -o "src/aeabi_romdiv_patch.o" "../src/aeabi_romdiv_patch.s"
Invoking: MCU C Compiler
arm-none-eabi-gcc -DDEBUG -D__CODE_RED -DCORE_M0PLUS -D__MTB_DISABLE -D__MTB_BUFFER_SIZE=256 -D__LPC84X__ -D__REDLIB__ -I"/home/augusto/Desktop/InfoII/Libreria_modulos/Modulos/Modulos/includes" -O0 -fno-common -g3 -Wall -c -fmessage-length=0 -fno-builtin -ffunction-sections -fdata-sections -mcpu=cortex-m0 -mthumb -fstack-usage -specs=redlib.specs -MMD -MP -MF"src/crp.d" -MT"src/crp.o" -MT"src/crp.d" -o "src/crp.o" "../src/crp.c"
../src/Test_RingBuffer.c: In function 'main':
../src/Test_RingBuffer.c:53:7: warning: variable 'resultado' set but not used [-Wunused-but-set-variable]
   int resultado;
       ^~~~~~~~~
Finished building: ../src/aeabi_romdiv_patch.s
 
Building file: ../src/mtb.c
Invoking: MCU C Compiler
arm-none-eabi-gcc -DDEBUG -D__CODE_RED -DCORE_M0PLUS -D__MTB_DISABLE -D__MTB_BUFFER_SIZE=256 -D__LPC84X__ -D__REDLIB__ -I"/home/augusto/Desktop/InfoII/Libreria_modulos/Modulos/Modulos/includes" -O0 -fno-common -g3 -Wall -c -fmessage-length=0 -fno-builtin -ffunction-sections -fdata-sections -mcpu=cortex-m0 -mthumb -fstack-usage -specs=redlib.specs -MMD -MP -MF"src/mtb.d" -MT"src/mtb.o" -MT"src/mtb.d" -o "src/mtb.o" "../src/mtb.c"
Finished building: ../src/Test_RingBuffer.c
 
Finished building: ../src/crp.c
 
Finished building: ../src/mtb.c
Finished building: ../src/cr_startup_lpc84x.c
 
 
Building target: Test_RingBuffer.axf
Invoking: MCU Linker
arm-none-eabi-gcc -nostdlib -L"/home/augusto/Desktop/InfoII/Libreria_modulos/Modulos/Modulos/Debug" -Xlinker -Map="Test_RingBuffer.map" -Xlinker --cref -Xlinker --gc-sections -Xlinker -print-memory-usage -mcpu=cortex-m0 -mthumb -T "Test_RingBuffer_Debug.ld" -o "Test_RingBuffer.axf"  ./src/Test_RingBuffer.o ./src/aeabi_romdiv_patch.o ./src/cr_startup_lpc84x.o ./src/crp.o ./src/mtb.o   -lModulos
/usr/local/mcuxpressoide-11.0.0_2516/ide/plugins/com.nxp.mcuxpresso.tools.linux_11.0.0.201905131304/tools/bin/../lib/gcc/arm-none-eabi/8.2.1/../../../../arm-none-eabi/bin/ld: cannot find -lModulos
collect2: error: ld returned 1 exit status
makefile:30: recipe for target 'Test_RingBuffer.axf' failed
make: *** [Test_RingBuffer.axf] Error 1
"make -r -j4 all" terminated with exit code 2. Build might be incomplete.
19:04:23 **** Incremental Build of configuration Debug for project Modulos ****
make -r all 
Building file: ../source/RingBuffer.c
Invoking: MCU C Compiler
arm-none-eabi-gcc -DDEBUG -D__CODE_RED -D__REDLIB__ -DCORE_M0PLUS -D__LPC84X__ -I"/home/augusto/Desktop/InfoII/Libreria_modulos/Modulos/Modulos/includes" -O0 -fno-common -g3 -Wall -c -fmessage-length=0 -fno-builtin -ffunction-sections -fdata-sections -mcpu=cortex-m0 -mthumb -D__REDLIB__ -fstack-usage -specs=redlib.specs -MMD -MP -MF"source/RingBuffer.d" -MT"source/RingBuffer.o" -MT"source/RingBuffer.d" -o "source/RingBuffer.o" "../source/RingBuffer.c"
../source/RingBuffer.c: In function 'RingBufferPutElement':
../source/RingBuffer.c:66:51: error: lvalue required as increment operand
   *((unsigned int *) &rb->current_elements_amount)++;
                                                   ^~
source/subdir.mk:18: recipe for target 'source/RingBuffer.o' failed
make: *** [source/RingBuffer.o] Error 1
"make -r all" terminated with exit code 2. Build might be incomplete.
19:04:24 **** Incremental Build of configuration Debug for project Test_RingBuffer ****
make -r -j4 all 
Building file: ../src/aeabi_romdiv_patch.s
Building file: ../src/Test_RingBuffer.c
Invoking: MCU C Compiler
arm-none-eabi-gcc -DDEBUG -D__CODE_RED -DCORE_M0PLUS -D__MTB_DISABLE -D__MTB_BUFFER_SIZE=256 -D__LPC84X__ -D__REDLIB__ -I"/home/augusto/Desktop/InfoII/Libreria_modulos/Modulos/Modulos/includes" -O0 -fno-common -g3 -Wall -c -fmessage-length=0 -fno-builtin -ffunction-sections -fdata-sections -mcpu=cortex-m0 -mthumb -fstack-usage -specs=redlib.specs -MMD -MP -MF"src/Test_RingBuffer.d" -MT"src/Test_RingBuffer.o" -MT"src/Test_RingBuffer.d" -o "src/Test_RingBuffer.o" "../src/Test_RingBuffer.c"
Building file: ../src/cr_startup_lpc84x.c
Building file: ../src/crp.c
Invoking: MCU C Compiler
arm-none-eabi-gcc -DDEBUG -D__CODE_RED -DCORE_M0PLUS -D__MTB_DISABLE -D__MTB_BUFFER_SIZE=256 -D__LPC84X__ -D__REDLIB__ -I"/home/augusto/Desktop/InfoII/Libreria_modulos/Modulos/Modulos/includes" -O0 -fno-common -g3 -Wall -c -fmessage-length=0 -fno-builtin -ffunction-sections -fdata-sections -mcpu=cortex-m0 -mthumb -fstack-usage -specs=redlib.specs -MMD -MP -MF"src/cr_startup_lpc84x.d" -MT"src/cr_startup_lpc84x.o" -MT"src/cr_startup_lpc84x.d" -o "src/cr_startup_lpc84x.o" "../src/cr_startup_lpc84x.c"
Invoking: MCU C Compiler
arm-none-eabi-gcc -DDEBUG -D__CODE_RED -DCORE_M0PLUS -D__MTB_DISABLE -D__MTB_BUFFER_SIZE=256 -D__LPC84X__ -D__REDLIB__ -I"/home/augusto/Desktop/InfoII/Libreria_modulos/Modulos/Modulos/includes" -O0 -fno-common -g3 -Wall -c -fmessage-length=0 -fno-builtin -ffunction-sections -fdata-sections -mcpu=cortex-m0 -mthumb -fstack-usage -specs=redlib.specs -MMD -MP -MF"src/crp.d" -MT"src/crp.o" -MT"src/crp.d" -o "src/crp.o" "../src/crp.c"
Invoking: MCU Assembler
arm-none-eabi-gcc -c -x assembler-with-cpp -DDEBUG -D__CODE_RED -DCORE_M0PLUS -D__LPC84X__ -D__REDLIB__ -g3 -mcpu=cortex-m0 -mthumb -specs=redlib.specs -o "src/aeabi_romdiv_patch.o" "../src/aeabi_romdiv_patch.s"
../src/Test_RingBuffer.c: In function 'main':
../src/Test_RingBuffer.c:53:7: warning: variable 'resultado' set but not used [-Wunused-but-set-variable]
   int resultado;
       ^~~~~~~~~
Finished building: ../src/Test_RingBuffer.c
Finished building: ../src/crp.c
Finished building: ../src/cr_startup_lpc84x.c
 
 
Finished building: ../src/aeabi_romdiv_patch.s
Building file: ../src/mtb.c
 
Invoking: MCU C Compiler
arm-none-eabi-gcc -DDEBUG -D__CODE_RED -DCORE_M0PLUS -D__MTB_DISABLE -D__MTB_BUFFER_SIZE=256 -D__LPC84X__ -D__REDLIB__ -I"/home/augusto/Desktop/InfoII/Libreria_modulos/Modulos/Modulos/includes" -O0 -fno-common -g3 -Wall -c -fmessage-length=0 -fno-builtin -ffunction-sections -fdata-sections -mcpu=cortex-m0 -mthumb -fstack-usage -specs=redlib.specs -MMD -MP -MF"src/mtb.d" -MT"src/mtb.o" -MT"src/mtb.d" -o "src/mtb.o" "../src/mtb.c"
 
Finished building: ../src/mtb.c
 
Building target: Test_RingBuffer.axf
Invoking: MCU Linker
arm-none-eabi-gcc -nostdlib -L"/home/augusto/Desktop/InfoII/Libreria_modulos/Modulos/Modulos/Debug" -Xlinker -Map="Test_RingBuffer.map" -Xlinker --cref -Xlinker --gc-sections -Xlinker -print-memory-usage -mcpu=cortex-m0 -mthumb -T "Test_RingBuffer_Debug.ld" -o "Test_RingBuffer.axf"  ./src/Test_RingBuffer.o ./src/aeabi_romdiv_patch.o ./src/cr_startup_lpc84x.o ./src/crp.o ./src/mtb.o   -lModulos
/usr/local/mcuxpressoide-11.0.0_2516/ide/plugins/com.nxp.mcuxpresso.tools.linux_11.0.0.201905131304/tools/bin/../lib/gcc/arm-none-eabi/8.2.1/../../../../arm-none-eabi/bin/ld: cannot find -lModulos
collect2: error: ld returned 1 exit status
makefile:30: recipe for target 'Test_RingBuffer.axf' failed
make: *** [Test_RingBuffer.axf] Error 1
"make -r -j4 all" terminated with exit code 2. Build might be incomplete.
19:04:32 **** Incremental Build of configuration Debug for project Modulos ****
make -r all 
Building file: ../source/RingBuffer.c
Invoking: MCU C Compiler
arm-none-eabi-gcc -DDEBUG -D__CODE_RED -D__REDLIB__ -DCORE_M0PLUS -D__LPC84X__ -I"/home/augusto/Desktop/InfoII/Libreria_modulos/Modulos/Modulos/includes" -O0 -fno-common -g3 -Wall -c -fmessage-length=0 -fno-builtin -ffunction-sections -fdata-sections -mcpu=cortex-m0 -mthumb -D__REDLIB__ -fstack-usage -specs=redlib.specs -MMD -MP -MF"source/RingBuffer.d" -MT"source/RingBuffer.o" -MT"source/RingBuffer.d" -o "source/RingBuffer.o" "../source/RingBuffer.c"
Finished building: ../source/RingBuffer.c
 
Building target: libModulos.a
Invoking: MCU Archiver
arm-none-eabi-ar -r  "libModulos.a"  ./source/RingBuffer.o   
arm-none-eabi-ar: creating libModulos.a
Finished building target: libModulos.a
 
make --no-print-directory post-build
Performing post-build steps
arm-none-eabi-size "libModulos.a" ; # arm-none-eabi-objdump -h -S "libModulos.a" >"libModulos.lss"
   text	   data	    bss	    dec	    hex	filename
    376	      0	      0	    376	    178	RingBuffer.o (ex libModulos.a)
 
19:04:33 **** Incremental Build of configuration Debug for project Test_RingBuffer ****
make -r -j4 all 
Building file: ../src/Test_RingBuffer.c
Building file: ../src/aeabi_romdiv_patch.s
Building file: ../src/cr_startup_lpc84x.c
Building file: ../src/crp.c
Invoking: MCU C Compiler
Invoking: MCU Assembler
arm-none-eabi-gcc -DDEBUG -D__CODE_RED -DCORE_M0PLUS -D__MTB_DISABLE -D__MTB_BUFFER_SIZE=256 -D__LPC84X__ -D__REDLIB__ -I"/home/augusto/Desktop/InfoII/Libreria_modulos/Modulos/Modulos/includes" -O0 -fno-common -g3 -Wall -c -fmessage-length=0 -fno-builtin -ffunction-sections -fdata-sections -mcpu=cortex-m0 -mthumb -fstack-usage -specs=redlib.specs -MMD -MP -MF"src/Test_RingBuffer.d" -MT"src/Test_RingBuffer.o" -MT"src/Test_RingBuffer.d" -o "src/Test_RingBuffer.o" "../src/Test_RingBuffer.c"
arm-none-eabi-gcc -c -x assembler-with-cpp -DDEBUG -D__CODE_RED -DCORE_M0PLUS -D__LPC84X__ -D__REDLIB__ -g3 -mcpu=cortex-m0 -mthumb -specs=redlib.specs -o "src/aeabi_romdiv_patch.o" "../src/aeabi_romdiv_patch.s"
Invoking: MCU C Compiler
arm-none-eabi-gcc -DDEBUG -D__CODE_RED -DCORE_M0PLUS -D__MTB_DISABLE -D__MTB_BUFFER_SIZE=256 -D__LPC84X__ -D__REDLIB__ -I"/home/augusto/Desktop/InfoII/Libreria_modulos/Modulos/Modulos/includes" -O0 -fno-common -g3 -Wall -c -fmessage-length=0 -fno-builtin -ffunction-sections -fdata-sections -mcpu=cortex-m0 -mthumb -fstack-usage -specs=redlib.specs -MMD -MP -MF"src/cr_startup_lpc84x.d" -MT"src/cr_startup_lpc84x.o" -MT"src/cr_startup_lpc84x.d" -o "src/cr_startup_lpc84x.o" "../src/cr_startup_lpc84x.c"
Invoking: MCU C Compiler
arm-none-eabi-gcc -DDEBUG -D__CODE_RED -DCORE_M0PLUS -D__MTB_DISABLE -D__MTB_BUFFER_SIZE=256 -D__LPC84X__ -D__REDLIB__ -I"/home/augusto/Desktop/InfoII/Libreria_modulos/Modulos/Modulos/includes" -O0 -fno-common -g3 -Wall -c -fmessage-length=0 -fno-builtin -ffunction-sections -fdata-sections -mcpu=cortex-m0 -mthumb -fstack-usage -specs=redlib.specs -MMD -MP -MF"src/crp.d" -MT"src/crp.o" -MT"src/crp.d" -o "src/crp.o" "../src/crp.c"
Finished building: ../src/aeabi_romdiv_patch.s
../src/Test_RingBuffer.c: In function 'main':
../src/Test_RingBuffer.c:53:7: warning: variable 'resultado' set but not used [-Wunused-but-set-variable]
   int resultado;
       ^~~~~~~~~
 
Building file: ../src/mtb.c
Invoking: MCU C Compiler
arm-none-eabi-gcc -DDEBUG -D__CODE_RED -DCORE_M0PLUS -D__MTB_DISABLE -D__MTB_BUFFER_SIZE=256 -D__LPC84X__ -D__REDLIB__ -I"/home/augusto/Desktop/InfoII/Libreria_modulos/Modulos/Modulos/includes" -O0 -fno-common -g3 -Wall -c -fmessage-length=0 -fno-builtin -ffunction-sections -fdata-sections -mcpu=cortex-m0 -mthumb -fstack-usage -specs=redlib.specs -MMD -MP -MF"src/mtb.d" -MT"src/mtb.o" -MT"src/mtb.d" -o "src/mtb.o" "../src/mtb.c"
Finished building: ../src/crp.c
 
Finished building: ../src/Test_RingBuffer.c
 
Finished building: ../src/mtb.c
 
Finished building: ../src/cr_startup_lpc84x.c
 
Building target: Test_RingBuffer.axf
Invoking: MCU Linker
arm-none-eabi-gcc -nostdlib -L"/home/augusto/Desktop/InfoII/Libreria_modulos/Modulos/Modulos/Debug" -Xlinker -Map="Test_RingBuffer.map" -Xlinker --cref -Xlinker --gc-sections -Xlinker -print-memory-usage -mcpu=cortex-m0 -mthumb -T "Test_RingBuffer_Debug.ld" -o "Test_RingBuffer.axf"  ./src/Test_RingBuffer.o ./src/aeabi_romdiv_patch.o ./src/cr_startup_lpc84x.o ./src/crp.o ./src/mtb.o   -lModulos
Memory region         Used Size  Region Size  %age Used
        MFlash64:        1344 B        64 KB      2.05%
        RamLoc16:         100 B        16 KB      0.61%
Finished building target: Test_RingBuffer.axf
 
make --no-print-directory post-build
Performing post-build steps
arm-none-eabi-size "Test_RingBuffer.axf"; # arm-none-eabi-objcopy -v -O binary "Test_RingBuffer.axf" "Test_RingBuffer.bin" ; # checksum -p LPC845 -d "Test_RingBuffer.bin";
   text	   data	    bss	    dec	    hex	filename
   1344	      0	    100	   1444	    5a4	Test_RingBuffer.axf
 
19:04:50 **** Incremental Build of configuration Debug for project Test_RingBuffer ****
make -r -j4 all 
Building file: ../src/Test_RingBuffer.c
Building file: ../src/aeabi_romdiv_patch.s
Building file: ../src/cr_startup_lpc84x.c
Invoking: MCU C Compiler
Building file: ../src/crp.c
Invoking: MCU Assembler
arm-none-eabi-gcc -DDEBUG -D__CODE_RED -DCORE_M0PLUS -D__MTB_DISABLE -D__MTB_BUFFER_SIZE=256 -D__LPC84X__ -D__REDLIB__ -I"/home/augusto/Desktop/InfoII/Libreria_modulos/Modulos/Modulos/includes" -O0 -fno-common -g3 -Wall -c -fmessage-length=0 -fno-builtin -ffunction-sections -fdata-sections -mcpu=cortex-m0 -mthumb -fstack-usage -specs=redlib.specs -MMD -MP -MF"src/Test_RingBuffer.d" -MT"src/Test_RingBuffer.o" -MT"src/Test_RingBuffer.d" -o "src/Test_RingBuffer.o" "../src/Test_RingBuffer.c"
arm-none-eabi-gcc -c -x assembler-with-cpp -DDEBUG -D__CODE_RED -DCORE_M0PLUS -D__LPC84X__ -D__REDLIB__ -g3 -mcpu=cortex-m0 -mthumb -specs=redlib.specs -o "src/aeabi_romdiv_patch.o" "../src/aeabi_romdiv_patch.s"
Invoking: MCU C Compiler
Invoking: MCU C Compiler
arm-none-eabi-gcc -DDEBUG -D__CODE_RED -DCORE_M0PLUS -D__MTB_DISABLE -D__MTB_BUFFER_SIZE=256 -D__LPC84X__ -D__REDLIB__ -I"/home/augusto/Desktop/InfoII/Libreria_modulos/Modulos/Modulos/includes" -O0 -fno-common -g3 -Wall -c -fmessage-length=0 -fno-builtin -ffunction-sections -fdata-sections -mcpu=cortex-m0 -mthumb -fstack-usage -specs=redlib.specs -MMD -MP -MF"src/cr_startup_lpc84x.d" -MT"src/cr_startup_lpc84x.o" -MT"src/cr_startup_lpc84x.d" -o "src/cr_startup_lpc84x.o" "../src/cr_startup_lpc84x.c"
arm-none-eabi-gcc -DDEBUG -D__CODE_RED -DCORE_M0PLUS -D__MTB_DISABLE -D__MTB_BUFFER_SIZE=256 -D__LPC84X__ -D__REDLIB__ -I"/home/augusto/Desktop/InfoII/Libreria_modulos/Modulos/Modulos/includes" -O0 -fno-common -g3 -Wall -c -fmessage-length=0 -fno-builtin -ffunction-sections -fdata-sections -mcpu=cortex-m0 -mthumb -fstack-usage -specs=redlib.specs -MMD -MP -MF"src/crp.d" -MT"src/crp.o" -MT"src/crp.d" -o "src/crp.o" "../src/crp.c"
../src/Test_RingBuffer.c: In function 'main':
../src/Test_RingBuffer.c:53:7: warning: variable 'resultado' set but not used [-Wunused-but-set-variable]
   int resultado;
       ^~~~~~~~~
Finished building: ../src/aeabi_romdiv_patch.s
Finished building: ../src/crp.c
 
Building file: ../src/mtb.c
Invoking: MCU C Compiler
arm-none-eabi-gcc -DDEBUG -D__CODE_RED -DCORE_M0PLUS -D__MTB_DISABLE -D__MTB_BUFFER_SIZE=256 -D__LPC84X__ -D__REDLIB__ -I"/home/augusto/Desktop/InfoII/Libreria_modulos/Modulos/Modulos/includes" -O0 -fno-common -g3 -Wall -c -fmessage-length=0 -fno-builtin -ffunction-sections -fdata-sections -mcpu=cortex-m0 -mthumb -fstack-usage -specs=redlib.specs -MMD -MP -MF"src/mtb.d" -MT"src/mtb.o" -MT"src/mtb.d" -o "src/mtb.o" "../src/mtb.c"
 
Finished building: ../src/Test_RingBuffer.c
 
Finished building: ../src/cr_startup_lpc84x.c
 
Finished building: ../src/mtb.c
 
Building target: Test_RingBuffer.axf
Invoking: MCU Linker
arm-none-eabi-gcc -nostdlib -L"/home/augusto/Desktop/InfoII/Libreria_modulos/Modulos/Modulos/Debug" -Xlinker -Map="Test_RingBuffer.map" -Xlinker --cref -Xlinker --gc-sections -Xlinker -print-memory-usage -mcpu=cortex-m0 -mthumb -T "Test_RingBuffer_Debug.ld" -o "Test_RingBuffer.axf"  ./src/Test_RingBuffer.o ./src/aeabi_romdiv_patch.o ./src/cr_startup_lpc84x.o ./src/crp.o ./src/mtb.o   -lModulos
Memory region         Used Size  Region Size  %age Used
        MFlash64:        1344 B        64 KB      2.05%
        RamLoc16:         100 B        16 KB      0.61%
Finished building target: Test_RingBuffer.axf
 
make --no-print-directory post-build
Performing post-build steps
arm-none-eabi-size "Test_RingBuffer.axf"; # arm-none-eabi-objcopy -v -O binary "Test_RingBuffer.axf" "Test_RingBuffer.bin" ; # checksum -p LPC845 -d "Test_RingBuffer.bin";
   text	   data	    bss	    dec	    hex	filename
   1344	      0	    100	   1444	    5a4	Test_RingBuffer.axf
 
19:06:10 **** Incremental Build of configuration Debug for project Test_RingBuffer ****
make -r -j4 all 
Building file: ../src/Test_RingBuffer.c
Building file: ../src/aeabi_romdiv_patch.s
Building file: ../src/cr_startup_lpc84x.c
Building file: ../src/crp.c
Invoking: MCU Assembler
arm-none-eabi-gcc -c -x assembler-with-cpp -DDEBUG -D__CODE_RED -DCORE_M0PLUS -D__LPC84X__ -D__REDLIB__ -g3 -mcpu=cortex-m0 -mthumb -specs=redlib.specs -o "src/aeabi_romdiv_patch.o" "../src/aeabi_romdiv_patch.s"
Invoking: MCU C Compiler
arm-none-eabi-gcc -DDEBUG -D__CODE_RED -DCORE_M0PLUS -D__MTB_DISABLE -D__MTB_BUFFER_SIZE=256 -D__LPC84X__ -D__REDLIB__ -I"/home/augusto/Desktop/InfoII/Libreria_modulos/Modulos/Modulos/includes" -O0 -fno-common -g3 -Wall -c -fmessage-length=0 -fno-builtin -ffunction-sections -fdata-sections -mcpu=cortex-m0 -mthumb -fstack-usage -specs=redlib.specs -MMD -MP -MF"src/cr_startup_lpc84x.d" -MT"src/cr_startup_lpc84x.o" -MT"src/cr_startup_lpc84x.d" -o "src/cr_startup_lpc84x.o" "../src/cr_startup_lpc84x.c"
Invoking: MCU C Compiler
arm-none-eabi-gcc -DDEBUG -D__CODE_RED -DCORE_M0PLUS -D__MTB_DISABLE -D__MTB_BUFFER_SIZE=256 -D__LPC84X__ -D__REDLIB__ -I"/home/augusto/Desktop/InfoII/Libreria_modulos/Modulos/Modulos/includes" -O0 -fno-common -g3 -Wall -c -fmessage-length=0 -fno-builtin -ffunction-sections -fdata-sections -mcpu=cortex-m0 -mthumb -fstack-usage -specs=redlib.specs -MMD -MP -MF"src/Test_RingBuffer.d" -MT"src/Test_RingBuffer.o" -MT"src/Test_RingBuffer.d" -o "src/Test_RingBuffer.o" "../src/Test_RingBuffer.c"
Invoking: MCU C Compiler
arm-none-eabi-gcc -DDEBUG -D__CODE_RED -DCORE_M0PLUS -D__MTB_DISABLE -D__MTB_BUFFER_SIZE=256 -D__LPC84X__ -D__REDLIB__ -I"/home/augusto/Desktop/InfoII/Libreria_modulos/Modulos/Modulos/includes" -O0 -fno-common -g3 -Wall -c -fmessage-length=0 -fno-builtin -ffunction-sections -fdata-sections -mcpu=cortex-m0 -mthumb -fstack-usage -specs=redlib.specs -MMD -MP -MF"src/crp.d" -MT"src/crp.o" -MT"src/crp.d" -o "src/crp.o" "../src/crp.c"
Finished building: ../src/aeabi_romdiv_patch.s
 
Building file: ../src/mtb.c
Invoking: MCU C Compiler
arm-none-eabi-gcc -DDEBUG -D__CODE_RED -DCORE_M0PLUS -D__MTB_DISABLE -D__MTB_BUFFER_SIZE=256 -D__LPC84X__ -D__REDLIB__ -I"/home/augusto/Desktop/InfoII/Libreria_modulos/Modulos/Modulos/includes" -O0 -fno-common -g3 -Wall -c -fmessage-length=0 -fno-builtin -ffunction-sections -fdata-sections -mcpu=cortex-m0 -mthumb -fstack-usage -specs=redlib.specs -MMD -MP -MF"src/mtb.d" -MT"src/mtb.o" -MT"src/mtb.d" -o "src/mtb.o" "../src/mtb.c"
../src/Test_RingBuffer.c: In function 'main':
../src/Test_RingBuffer.c:53:7: warning: variable 'resultado' set but not used [-Wunused-but-set-variable]
   int resultado;
       ^~~~~~~~~
Finished building: ../src/crp.c
 
Finished building: ../src/cr_startup_lpc84x.c
 
Finished building: ../src/Test_RingBuffer.c
 
Finished building: ../src/mtb.c
 
Building target: Test_RingBuffer.axf
Invoking: MCU Linker
arm-none-eabi-gcc -nostdlib -L"/home/augusto/Desktop/InfoII/Libreria_modulos/Modulos/Modulos/Debug" -Xlinker -Map="Test_RingBuffer.map" -Xlinker --cref -Xlinker --gc-sections -Xlinker -print-memory-usage -mcpu=cortex-m0 -mthumb -T "Test_RingBuffer_Debug.ld" -o "Test_RingBuffer.axf"  ./src/Test_RingBuffer.o ./src/aeabi_romdiv_patch.o ./src/cr_startup_lpc84x.o ./src/crp.o ./src/mtb.o   -lModulos
Memory region         Used Size  Region Size  %age Used
        MFlash64:        1344 B        64 KB      2.05%
        RamLoc16:         100 B        16 KB      0.61%
Finished building target: Test_RingBuffer.axf
 
make --no-print-directory post-build
Performing post-build steps
arm-none-eabi-size "Test_RingBuffer.axf"; # arm-none-eabi-objcopy -v -O binary "Test_RingBuffer.axf" "Test_RingBuffer.bin" ; # checksum -p LPC845 -d "Test_RingBuffer.bin";
   text	   data	    bss	    dec	    hex	filename
   1344	      0	    100	   1444	    5a4	Test_RingBuffer.axf
 
19:07:00 **** Incremental Build of configuration Debug for project Modulos ****
make -r all 
Building file: ../source/RingBuffer.c
Invoking: MCU C Compiler
arm-none-eabi-gcc -DDEBUG -D__CODE_RED -D__REDLIB__ -DCORE_M0PLUS -D__LPC84X__ -I"/home/augusto/Desktop/InfoII/Libreria_modulos/Modulos/Modulos/includes" -O0 -fno-common -g3 -Wall -c -fmessage-length=0 -fno-builtin -ffunction-sections -fdata-sections -mcpu=cortex-m0 -mthumb -D__REDLIB__ -fstack-usage -specs=redlib.specs -MMD -MP -MF"source/RingBuffer.d" -MT"source/RingBuffer.o" -MT"source/RingBuffer.d" -o "source/RingBuffer.o" "../source/RingBuffer.c"
Finished building: ../source/RingBuffer.c
 
Building target: libModulos.a
Invoking: MCU Archiver
arm-none-eabi-ar -r  "libModulos.a"  ./source/RingBuffer.o   
arm-none-eabi-ar: creating libModulos.a
Finished building target: libModulos.a
 
make --no-print-directory post-build
Performing post-build steps
arm-none-eabi-size "libModulos.a" ; # arm-none-eabi-objdump -h -S "libModulos.a" >"libModulos.lss"
   text	   data	    bss	    dec	    hex	filename
    376	      0	      0	    376	    178	RingBuffer.o (ex libModulos.a)
 
19:07:02 **** Incremental Build of configuration Debug for project Test_RingBuffer ****
make -r -j4 all 
Building file: ../src/Test_RingBuffer.c
Building file: ../src/cr_startup_lpc84x.c
Building file: ../src/crp.c
Invoking: MCU C Compiler
arm-none-eabi-gcc -DDEBUG -D__CODE_RED -DCORE_M0PLUS -D__MTB_DISABLE -D__MTB_BUFFER_SIZE=256 -D__LPC84X__ -D__REDLIB__ -I"/home/augusto/Desktop/InfoII/Libreria_modulos/Modulos/Modulos/includes" -O0 -fno-common -g3 -Wall -c -fmessage-length=0 -fno-builtin -ffunction-sections -fdata-sections -mcpu=cortex-m0 -mthumb -fstack-usage -specs=redlib.specs -MMD -MP -MF"src/Test_RingBuffer.d" -MT"src/Test_RingBuffer.o" -MT"src/Test_RingBuffer.d" -o "src/Test_RingBuffer.o" "../src/Test_RingBuffer.c"
Building file: ../src/aeabi_romdiv_patch.s
Invoking: MCU C Compiler
Invoking: MCU C Compiler
arm-none-eabi-gcc -DDEBUG -D__CODE_RED -DCORE_M0PLUS -D__MTB_DISABLE -D__MTB_BUFFER_SIZE=256 -D__LPC84X__ -D__REDLIB__ -I"/home/augusto/Desktop/InfoII/Libreria_modulos/Modulos/Modulos/includes" -O0 -fno-common -g3 -Wall -c -fmessage-length=0 -fno-builtin -ffunction-sections -fdata-sections -mcpu=cortex-m0 -mthumb -fstack-usage -specs=redlib.specs -MMD -MP -MF"src/cr_startup_lpc84x.d" -MT"src/cr_startup_lpc84x.o" -MT"src/cr_startup_lpc84x.d" -o "src/cr_startup_lpc84x.o" "../src/cr_startup_lpc84x.c"
arm-none-eabi-gcc -DDEBUG -D__CODE_RED -DCORE_M0PLUS -D__MTB_DISABLE -D__MTB_BUFFER_SIZE=256 -D__LPC84X__ -D__REDLIB__ -I"/home/augusto/Desktop/InfoII/Libreria_modulos/Modulos/Modulos/includes" -O0 -fno-common -g3 -Wall -c -fmessage-length=0 -fno-builtin -ffunction-sections -fdata-sections -mcpu=cortex-m0 -mthumb -fstack-usage -specs=redlib.specs -MMD -MP -MF"src/crp.d" -MT"src/crp.o" -MT"src/crp.d" -o "src/crp.o" "../src/crp.c"
Invoking: MCU Assembler
arm-none-eabi-gcc -c -x assembler-with-cpp -DDEBUG -D__CODE_RED -DCORE_M0PLUS -D__LPC84X__ -D__REDLIB__ -g3 -mcpu=cortex-m0 -mthumb -specs=redlib.specs -o "src/aeabi_romdiv_patch.o" "../src/aeabi_romdiv_patch.s"
../src/Test_RingBuffer.c: In function 'main':
../src/Test_RingBuffer.c:53:7: warning: variable 'resultado' set but not used [-Wunused-but-set-variable]
   int resultado;
       ^~~~~~~~~
Finished building: ../src/aeabi_romdiv_patch.s
 
Building file: ../src/mtb.c
Invoking: MCU C Compiler
arm-none-eabi-gcc -DDEBUG -D__CODE_RED -DCORE_M0PLUS -D__MTB_DISABLE -D__MTB_BUFFER_SIZE=256 -D__LPC84X__ -D__REDLIB__ -I"/home/augusto/Desktop/InfoII/Libreria_modulos/Modulos/Modulos/includes" -O0 -fno-common -g3 -Wall -c -fmessage-length=0 -fno-builtin -ffunction-sections -fdata-sections -mcpu=cortex-m0 -mthumb -fstack-usage -specs=redlib.specs -MMD -MP -MF"src/mtb.d" -MT"src/mtb.o" -MT"src/mtb.d" -o "src/mtb.o" "../src/mtb.c"
Finished building: ../src/crp.c
 
Finished building: ../src/Test_RingBuffer.c
 
Finished building: ../src/mtb.c
 
Finished building: ../src/cr_startup_lpc84x.c
 
Building target: Test_RingBuffer.axf
Invoking: MCU Linker
arm-none-eabi-gcc -nostdlib -L"/home/augusto/Desktop/InfoII/Libreria_modulos/Modulos/Modulos/Debug" -Xlinker -Map="Test_RingBuffer.map" -Xlinker --cref -Xlinker --gc-sections -Xlinker -print-memory-usage -mcpu=cortex-m0 -mthumb -T "Test_RingBuffer_Debug.ld" -o "Test_RingBuffer.axf"  ./src/Test_RingBuffer.o ./src/aeabi_romdiv_patch.o ./src/cr_startup_lpc84x.o ./src/crp.o ./src/mtb.o   -lModulos
Memory region         Used Size  Region Size  %age Used
        MFlash64:        1344 B        64 KB      2.05%
        RamLoc16:         100 B        16 KB      0.61%
Finished building target: Test_RingBuffer.axf
 
make --no-print-directory post-build
Performing post-build steps
arm-none-eabi-size "Test_RingBuffer.axf"; # arm-none-eabi-objcopy -v -O binary "Test_RingBuffer.axf" "Test_RingBuffer.bin" ; # checksum -p LPC845 -d "Test_RingBuffer.bin";
   text	   data	    bss	    dec	    hex	filename
   1344	      0	    100	   1444	    5a4	Test_RingBuffer.axf
 
19:07:15 **** Incremental Build of configuration Debug for project Test_RingBuffer ****
make -r -j4 all 
Building file: ../src/Test_RingBuffer.c
Building file: ../src/aeabi_romdiv_patch.s
Building file: ../src/cr_startup_lpc84x.c
Building file: ../src/crp.c
Invoking: MCU Assembler
Invoking: MCU C Compiler
arm-none-eabi-gcc -c -x assembler-with-cpp -DDEBUG -D__CODE_RED -DCORE_M0PLUS -D__LPC84X__ -D__REDLIB__ -g3 -mcpu=cortex-m0 -mthumb -specs=redlib.specs -o "src/aeabi_romdiv_patch.o" "../src/aeabi_romdiv_patch.s"
arm-none-eabi-gcc -DDEBUG -D__CODE_RED -DCORE_M0PLUS -D__MTB_DISABLE -D__MTB_BUFFER_SIZE=256 -D__LPC84X__ -D__REDLIB__ -I"/home/augusto/Desktop/InfoII/Libreria_modulos/Modulos/Modulos/includes" -O0 -fno-common -g3 -Wall -c -fmessage-length=0 -fno-builtin -ffunction-sections -fdata-sections -mcpu=cortex-m0 -mthumb -fstack-usage -specs=redlib.specs -MMD -MP -MF"src/cr_startup_lpc84x.d" -MT"src/cr_startup_lpc84x.o" -MT"src/cr_startup_lpc84x.d" -o "src/cr_startup_lpc84x.o" "../src/cr_startup_lpc84x.c"
Invoking: MCU C Compiler
arm-none-eabi-gcc -DDEBUG -D__CODE_RED -DCORE_M0PLUS -D__MTB_DISABLE -D__MTB_BUFFER_SIZE=256 -D__LPC84X__ -D__REDLIB__ -I"/home/augusto/Desktop/InfoII/Libreria_modulos/Modulos/Modulos/includes" -O0 -fno-common -g3 -Wall -c -fmessage-length=0 -fno-builtin -ffunction-sections -fdata-sections -mcpu=cortex-m0 -mthumb -fstack-usage -specs=redlib.specs -MMD -MP -MF"src/crp.d" -MT"src/crp.o" -MT"src/crp.d" -o "src/crp.o" "../src/crp.c"
Invoking: MCU C Compiler
arm-none-eabi-gcc -DDEBUG -D__CODE_RED -DCORE_M0PLUS -D__MTB_DISABLE -D__MTB_BUFFER_SIZE=256 -D__LPC84X__ -D__REDLIB__ -I"/home/augusto/Desktop/InfoII/Libreria_modulos/Modulos/Modulos/includes" -O0 -fno-common -g3 -Wall -c -fmessage-length=0 -fno-builtin -ffunction-sections -fdata-sections -mcpu=cortex-m0 -mthumb -fstack-usage -specs=redlib.specs -MMD -MP -MF"src/Test_RingBuffer.d" -MT"src/Test_RingBuffer.o" -MT"src/Test_RingBuffer.d" -o "src/Test_RingBuffer.o" "../src/Test_RingBuffer.c"
../src/Test_RingBuffer.c: In function 'main':
../src/Test_RingBuffer.c:53:7: warning: variable 'resultado' set but not used [-Wunused-but-set-variable]
   int resultado;
       ^~~~~~~~~
Finished building: ../src/aeabi_romdiv_patch.s
Finished building: ../src/Test_RingBuffer.c
Finished building: ../src/crp.c
 
 
 
Finished building: ../src/cr_startup_lpc84x.c
Building file: ../src/mtb.c
 
Invoking: MCU C Compiler
arm-none-eabi-gcc -DDEBUG -D__CODE_RED -DCORE_M0PLUS -D__MTB_DISABLE -D__MTB_BUFFER_SIZE=256 -D__LPC84X__ -D__REDLIB__ -I"/home/augusto/Desktop/InfoII/Libreria_modulos/Modulos/Modulos/includes" -O0 -fno-common -g3 -Wall -c -fmessage-length=0 -fno-builtin -ffunction-sections -fdata-sections -mcpu=cortex-m0 -mthumb -fstack-usage -specs=redlib.specs -MMD -MP -MF"src/mtb.d" -MT"src/mtb.o" -MT"src/mtb.d" -o "src/mtb.o" "../src/mtb.c"
Finished building: ../src/mtb.c
 
Building target: Test_RingBuffer.axf
Invoking: MCU Linker
arm-none-eabi-gcc -nostdlib -L"/home/augusto/Desktop/InfoII/Libreria_modulos/Modulos/Modulos/Debug" -Xlinker -Map="Test_RingBuffer.map" -Xlinker --cref -Xlinker --gc-sections -Xlinker -print-memory-usage -mcpu=cortex-m0 -mthumb -T "Test_RingBuffer_Debug.ld" -o "Test_RingBuffer.axf"  ./src/Test_RingBuffer.o ./src/aeabi_romdiv_patch.o ./src/cr_startup_lpc84x.o ./src/crp.o ./src/mtb.o   -lModulos
Memory region         Used Size  Region Size  %age Used
        MFlash64:        1344 B        64 KB      2.05%
        RamLoc16:         100 B        16 KB      0.61%
Finished building target: Test_RingBuffer.axf
 
make --no-print-directory post-build
Performing post-build steps
arm-none-eabi-size "Test_RingBuffer.axf"; # arm-none-eabi-objcopy -v -O binary "Test_RingBuffer.axf" "Test_RingBuffer.bin" ; # checksum -p LPC845 -d "Test_RingBuffer.bin";
   text	   data	    bss	    dec	    hex	filename
   1344	      0	    100	   1444	    5a4	Test_RingBuffer.axf
 
19:08:14 **** Incremental Build of configuration Debug for project Modulos ****
make -r all 
Building file: ../source/RingBuffer.c
Invoking: MCU C Compiler
arm-none-eabi-gcc -DDEBUG -D__CODE_RED -D__REDLIB__ -DCORE_M0PLUS -D__LPC84X__ -I"/home/augusto/Desktop/InfoII/Libreria_modulos/Modulos/Modulos/includes" -O0 -fno-common -g3 -Wall -c -fmessage-length=0 -fno-builtin -ffunction-sections -fdata-sections -mcpu=cortex-m0 -mthumb -D__REDLIB__ -fstack-usage -specs=redlib.specs -MMD -MP -MF"source/RingBuffer.d" -MT"source/RingBuffer.o" -MT"source/RingBuffer.d" -o "source/RingBuffer.o" "../source/RingBuffer.c"
../source/RingBuffer.c: In function 'RingBufferPutElement':
../source/RingBuffer.c:57:5: warning: implicit declaration of function 'RingBufferGetFreeElements'; did you mean 'RingBufferPutElement'? [-Wimplicit-function-declaration]
  if(RingBufferGetFreeElements(rb) > 0)
     ^~~~~~~~~~~~~~~~~~~~~~~~~
     RingBufferPutElement
Finished building: ../source/RingBuffer.c
 
Building target: libModulos.a
Invoking: MCU Archiver
arm-none-eabi-ar -r  "libModulos.a"  ./source/RingBuffer.o   
arm-none-eabi-ar: creating libModulos.a
Finished building target: libModulos.a
 
make --no-print-directory post-build
Performing post-build steps
arm-none-eabi-size "libModulos.a" ; # arm-none-eabi-objdump -h -S "libModulos.a" >"libModulos.lss"
   text	   data	    bss	    dec	    hex	filename
    376	      0	      0	    376	    178	RingBuffer.o (ex libModulos.a)
 
19:08:15 **** Incremental Build of configuration Debug for project Test_RingBuffer ****
make -r -j4 all 
Building file: ../src/Test_RingBuffer.c
Building file: ../src/aeabi_romdiv_patch.s
Building file: ../src/cr_startup_lpc84x.c
Building file: ../src/crp.c
Invoking: MCU Assembler
arm-none-eabi-gcc -c -x assembler-with-cpp -DDEBUG -D__CODE_RED -DCORE_M0PLUS -D__LPC84X__ -D__REDLIB__ -g3 -mcpu=cortex-m0 -mthumb -specs=redlib.specs -o "src/aeabi_romdiv_patch.o" "../src/aeabi_romdiv_patch.s"
Invoking: MCU C Compiler
arm-none-eabi-gcc -DDEBUG -D__CODE_RED -DCORE_M0PLUS -D__MTB_DISABLE -D__MTB_BUFFER_SIZE=256 -D__LPC84X__ -D__REDLIB__ -I"/home/augusto/Desktop/InfoII/Libreria_modulos/Modulos/Modulos/includes" -O0 -fno-common -g3 -Wall -c -fmessage-length=0 -fno-builtin -ffunction-sections -fdata-sections -mcpu=cortex-m0 -mthumb -fstack-usage -specs=redlib.specs -MMD -MP -MF"src/cr_startup_lpc84x.d" -MT"src/cr_startup_lpc84x.o" -MT"src/cr_startup_lpc84x.d" -o "src/cr_startup_lpc84x.o" "../src/cr_startup_lpc84x.c"
Invoking: MCU C Compiler
arm-none-eabi-gcc -DDEBUG -D__CODE_RED -DCORE_M0PLUS -D__MTB_DISABLE -D__MTB_BUFFER_SIZE=256 -D__LPC84X__ -D__REDLIB__ -I"/home/augusto/Desktop/InfoII/Libreria_modulos/Modulos/Modulos/includes" -O0 -fno-common -g3 -Wall -c -fmessage-length=0 -fno-builtin -ffunction-sections -fdata-sections -mcpu=cortex-m0 -mthumb -fstack-usage -specs=redlib.specs -MMD -MP -MF"src/Test_RingBuffer.d" -MT"src/Test_RingBuffer.o" -MT"src/Test_RingBuffer.d" -o "src/Test_RingBuffer.o" "../src/Test_RingBuffer.c"
Invoking: MCU C Compiler
arm-none-eabi-gcc -DDEBUG -D__CODE_RED -DCORE_M0PLUS -D__MTB_DISABLE -D__MTB_BUFFER_SIZE=256 -D__LPC84X__ -D__REDLIB__ -I"/home/augusto/Desktop/InfoII/Libreria_modulos/Modulos/Modulos/includes" -O0 -fno-common -g3 -Wall -c -fmessage-length=0 -fno-builtin -ffunction-sections -fdata-sections -mcpu=cortex-m0 -mthumb -fstack-usage -specs=redlib.specs -MMD -MP -MF"src/crp.d" -MT"src/crp.o" -MT"src/crp.d" -o "src/crp.o" "../src/crp.c"
../src/Test_RingBuffer.c: In function 'main':
../src/Test_RingBuffer.c:53:7: warning: variable 'resultado' set but not used [-Wunused-but-set-variable]
   int resultado;
       ^~~~~~~~~
Finished building: ../src/aeabi_romdiv_patch.s
Finished building: ../src/cr_startup_lpc84x.c
Finished building: ../src/crp.c
Finished building: ../src/Test_RingBuffer.c
 
 
 
 
Building file: ../src/mtb.c
Invoking: MCU C Compiler
arm-none-eabi-gcc -DDEBUG -D__CODE_RED -DCORE_M0PLUS -D__MTB_DISABLE -D__MTB_BUFFER_SIZE=256 -D__LPC84X__ -D__REDLIB__ -I"/home/augusto/Desktop/InfoII/Libreria_modulos/Modulos/Modulos/includes" -O0 -fno-common -g3 -Wall -c -fmessage-length=0 -fno-builtin -ffunction-sections -fdata-sections -mcpu=cortex-m0 -mthumb -fstack-usage -specs=redlib.specs -MMD -MP -MF"src/mtb.d" -MT"src/mtb.o" -MT"src/mtb.d" -o "src/mtb.o" "../src/mtb.c"
Finished building: ../src/mtb.c
 
Building target: Test_RingBuffer.axf
Invoking: MCU Linker
arm-none-eabi-gcc -nostdlib -L"/home/augusto/Desktop/InfoII/Libreria_modulos/Modulos/Modulos/Debug" -Xlinker -Map="Test_RingBuffer.map" -Xlinker --cref -Xlinker --gc-sections -Xlinker -print-memory-usage -mcpu=cortex-m0 -mthumb -T "Test_RingBuffer_Debug.ld" -o "Test_RingBuffer.axf"  ./src/Test_RingBuffer.o ./src/aeabi_romdiv_patch.o ./src/cr_startup_lpc84x.o ./src/crp.o ./src/mtb.o   -lModulos
Memory region         Used Size  Region Size  %age Used
        MFlash64:        1344 B        64 KB      2.05%
/usr/local/mcuxpressoide-11.0.0_2516/ide/plugins/com.nxp.mcuxpresso.tools.linux_11.0.0.201905131304/tools/bin/../lib/gcc/arm-none-eabi/8.2.1/../../../../arm-none-eabi/bin/ld: /home/augusto/Desktop/InfoII/Libreria_modulos/Modulos/Modulos/Debug/libModulos.a(RingBuffer.o): in function `RingBufferPutElement':
/home/augusto/Desktop/InfoII/Libreria_modulos/Modulos/Modulos/Debug/../source/RingBuffer.c:57: undefined reference to `RingBufferGetFreeElements'
        RamLoc16:         100 B        16 KB      0.61%
collect2: error: ld returned 1 exit status
makefile:30: recipe for target 'Test_RingBuffer.axf' failed
make: *** [Test_RingBuffer.axf] Error 1
"make -r -j4 all" terminated with exit code 2. Build might be incomplete.
19:08:23 **** Incremental Build of configuration Debug for project Modulos ****
make -r all 
Building file: ../source/RingBuffer.c
Invoking: MCU C Compiler
arm-none-eabi-gcc -DDEBUG -D__CODE_RED -D__REDLIB__ -DCORE_M0PLUS -D__LPC84X__ -I"/home/augusto/Desktop/InfoII/Libreria_modulos/Modulos/Modulos/includes" -O0 -fno-common -g3 -Wall -c -fmessage-length=0 -fno-builtin -ffunction-sections -fdata-sections -mcpu=cortex-m0 -mthumb -D__REDLIB__ -fstack-usage -specs=redlib.specs -MMD -MP -MF"source/RingBuffer.d" -MT"source/RingBuffer.o" -MT"source/RingBuffer.d" -o "source/RingBuffer.o" "../source/RingBuffer.c"
Finished building: ../source/RingBuffer.c
 
Building target: libModulos.a
Invoking: MCU Archiver
arm-none-eabi-ar -r  "libModulos.a"  ./source/RingBuffer.o   
arm-none-eabi-ar: creating libModulos.a
Finished building target: libModulos.a
 
make --no-print-directory post-build
Performing post-build steps
arm-none-eabi-size "libModulos.a" ; # arm-none-eabi-objdump -h -S "libModulos.a" >"libModulos.lss"
   text	   data	    bss	    dec	    hex	filename
    376	      0	      0	    376	    178	RingBuffer.o (ex libModulos.a)
 
19:08:23 **** Incremental Build of configuration Debug for project Test_RingBuffer ****
make -r -j4 all 
Building file: ../src/crp.c
Building file: ../src/Test_RingBuffer.c
Building file: ../src/cr_startup_lpc84x.c
Invoking: MCU C Compiler
Invoking: MCU C Compiler
Building file: ../src/aeabi_romdiv_patch.s
arm-none-eabi-gcc -DDEBUG -D__CODE_RED -DCORE_M0PLUS -D__MTB_DISABLE -D__MTB_BUFFER_SIZE=256 -D__LPC84X__ -D__REDLIB__ -I"/home/augusto/Desktop/InfoII/Libreria_modulos/Modulos/Modulos/includes" -O0 -fno-common -g3 -Wall -c -fmessage-length=0 -fno-builtin -ffunction-sections -fdata-sections -mcpu=cortex-m0 -mthumb -fstack-usage -specs=redlib.specs -MMD -MP -MF"src/crp.d" -MT"src/crp.o" -MT"src/crp.d" -o "src/crp.o" "../src/crp.c"
arm-none-eabi-gcc -DDEBUG -D__CODE_RED -DCORE_M0PLUS -D__MTB_DISABLE -D__MTB_BUFFER_SIZE=256 -D__LPC84X__ -D__REDLIB__ -I"/home/augusto/Desktop/InfoII/Libreria_modulos/Modulos/Modulos/includes" -O0 -fno-common -g3 -Wall -c -fmessage-length=0 -fno-builtin -ffunction-sections -fdata-sections -mcpu=cortex-m0 -mthumb -fstack-usage -specs=redlib.specs -MMD -MP -MF"src/Test_RingBuffer.d" -MT"src/Test_RingBuffer.o" -MT"src/Test_RingBuffer.d" -o "src/Test_RingBuffer.o" "../src/Test_RingBuffer.c"
Invoking: MCU C Compiler
arm-none-eabi-gcc -DDEBUG -D__CODE_RED -DCORE_M0PLUS -D__MTB_DISABLE -D__MTB_BUFFER_SIZE=256 -D__LPC84X__ -D__REDLIB__ -I"/home/augusto/Desktop/InfoII/Libreria_modulos/Modulos/Modulos/includes" -O0 -fno-common -g3 -Wall -c -fmessage-length=0 -fno-builtin -ffunction-sections -fdata-sections -mcpu=cortex-m0 -mthumb -fstack-usage -specs=redlib.specs -MMD -MP -MF"src/cr_startup_lpc84x.d" -MT"src/cr_startup_lpc84x.o" -MT"src/cr_startup_lpc84x.d" -o "src/cr_startup_lpc84x.o" "../src/cr_startup_lpc84x.c"
Invoking: MCU Assembler
arm-none-eabi-gcc -c -x assembler-with-cpp -DDEBUG -D__CODE_RED -DCORE_M0PLUS -D__LPC84X__ -D__REDLIB__ -g3 -mcpu=cortex-m0 -mthumb -specs=redlib.specs -o "src/aeabi_romdiv_patch.o" "../src/aeabi_romdiv_patch.s"
Finished building: ../src/aeabi_romdiv_patch.s
 
../src/Test_RingBuffer.c: In function 'main':
../src/Test_RingBuffer.c:53:7: warning: variable 'resultado' set but not used [-Wunused-but-set-variable]
   int resultado;
       ^~~~~~~~~
Building file: ../src/mtb.c
Invoking: MCU C Compiler
arm-none-eabi-gcc -DDEBUG -D__CODE_RED -DCORE_M0PLUS -D__MTB_DISABLE -D__MTB_BUFFER_SIZE=256 -D__LPC84X__ -D__REDLIB__ -I"/home/augusto/Desktop/InfoII/Libreria_modulos/Modulos/Modulos/includes" -O0 -fno-common -g3 -Wall -c -fmessage-length=0 -fno-builtin -ffunction-sections -fdata-sections -mcpu=cortex-m0 -mthumb -fstack-usage -specs=redlib.specs -MMD -MP -MF"src/mtb.d" -MT"src/mtb.o" -MT"src/mtb.d" -o "src/mtb.o" "../src/mtb.c"
Finished building: ../src/crp.c
 
Finished building: ../src/Test_RingBuffer.c
 
Finished building: ../src/cr_startup_lpc84x.c
Finished building: ../src/mtb.c
 
 
Building target: Test_RingBuffer.axf
Invoking: MCU Linker
arm-none-eabi-gcc -nostdlib -L"/home/augusto/Desktop/InfoII/Libreria_modulos/Modulos/Modulos/Debug" -Xlinker -Map="Test_RingBuffer.map" -Xlinker --cref -Xlinker --gc-sections -Xlinker -print-memory-usage -mcpu=cortex-m0 -mthumb -T "Test_RingBuffer_Debug.ld" -o "Test_RingBuffer.axf"  ./src/Test_RingBuffer.o ./src/aeabi_romdiv_patch.o ./src/cr_startup_lpc84x.o ./src/crp.o ./src/mtb.o   -lModulos
Memory region         Used Size  Region Size  %age Used
        MFlash64:        1344 B        64 KB      2.05%
        RamLoc16:         100 B        16 KB      0.61%
Finished building target: Test_RingBuffer.axf
 
make --no-print-directory post-build
Performing post-build steps
arm-none-eabi-size "Test_RingBuffer.axf"; # arm-none-eabi-objcopy -v -O binary "Test_RingBuffer.axf" "Test_RingBuffer.bin" ; # checksum -p LPC845 -d "Test_RingBuffer.bin";
   text	   data	    bss	    dec	    hex	filename
   1344	      0	    100	   1444	    5a4	Test_RingBuffer.axf
 
